stdout of test 'partition_elim` in directory 'sql/test/remote` itself:


# 18:37:29 >  
# 18:37:29 >  "mserver5" "--debug=10" "--set" "gdk_nr_threads=0" "--set" "mapi_open=true" "--set" "mapi_port=35081" "--set" "mapi_usock=/var/tmp/mtest-17557/.s.monetdb.35081" "--set" "monet_prompt=" "--forcemito" "--set" "mal_listing=2" "--dbpath=/home/niels/scratch/monetdb/Linux-x86_64/var/MonetDB/mTests_sql_test_remote" "--set" "mal_listing=0" "--set" "embedded_r=yes"
# 18:37:29 >  

# MonetDB 5 server v11.20.0
# This is an unreleased version
# Serving database 'mTests_sql_test_remote', using 4 threads
# Compiled for x86_64-unknown-linux-gnu/64bit with 64bit OIDs and 128bit integers dynamically linked
# Found 7.333 GiB available main-memory.
# Copyright (c) 1993-July 2008 CWI.
# Copyright (c) August 2008-2015 MonetDB B.V., all rights reserved
# Visit http://www.monetdb.org/ for further information
# Listening for connection requests on mapi:monetdb://localhost.nes.nl:35081/
# Listening for UNIX domain connection requests on mapi:monetdb:///var/tmp/mtest-17557/.s.monetdb.35081
# MonetDB/GIS module loaded
# SQL catalog created, loading sql scripts once
# loading sql script: 09_like.sql
# loading sql script: 10_math.sql
# loading sql script: 11_times.sql
# loading sql script: 12_url.sql
# loading sql script: 13_date.sql
# loading sql script: 14_inet.sql
# loading sql script: 15_querylog.sql
# loading sql script: 16_tracelog.sql
# loading sql script: 17_temporal.sql
# loading sql script: 20_vacuum.sql
# loading sql script: 21_dependency_functions.sql
# loading sql script: 22_clients.sql
# loading sql script: 23_skyserver.sql
# loading sql script: 24_zorder.sql
# loading sql script: 25_debug.sql
# loading sql script: 26_sysmon.sql
# loading sql script: 39_analytics.sql
# loading sql script: 39_analytics_hge.sql
# loading sql script: 40_geom.sql
# loading sql script: 40_json.sql
# loading sql script: 40_json_hge.sql
# loading sql script: 41_md5sum.sql
# loading sql script: 45_uuid.sql
# loading sql script: 46_gsl.sql
# loading sql script: 51_sys_schema_extension.sql
# loading sql script: 72_fits.sql
# loading sql script: 74_netcdf.sql
# loading sql script: 75_storagemodel.sql
# loading sql script: 80_statistics.sql
# loading sql script: 80_udf.sql
# loading sql script: 80_udf_hge.sql
# loading sql script: 85_bam.sql
# loading sql script: 90_generator.sql
# loading sql script: 90_generator_hge.sql
# loading sql script: 99_system.sql
# MonetDB/SQL module loaded

Ready.

# 18:37:29 >  
# 18:37:29 >  "mclient" "-lsql" "-ftest" "-Eutf-8" "-i" "-e" "--host=/var/tmp/mtest-17557" "--port=35081"
# 18:37:29 >  

#create merge table test (x double, y double);
#create table test1 (x double, y double);
#create table test2 (x double, y double);
#create table test3 (x double, y double);
#create table test4 (x double, y double);
#insert into test1 values (1.0, 1.0);
[ 1	]
#insert into test1 values (2.0, 2.0);
[ 1	]
#insert into test2 values (3.0, -1.0);
[ 1	]
#insert into test2 values (4.0, -2.0);
[ 1	]
#insert into test3 values (3.0, 1.0);
[ 1	]
#insert into test3 values (6.0, 2.0);
[ 1	]
#insert into test4 values (7.0, 1.0);
[ 1	]
#insert into test4 values (10.0, 2.0);
[ 1	]
#alter table test1 set read only;
#alter table test2 set read only;
#alter table test3 set read only;
#alter table test4 set read only;
#alter table test add table test1;
#alter table test add table test2;
#alter table test add table test3;
#alter table test add table test4;
#select x from test1 where x between 0 and -1;
% sys.test1 # table_name
% x # name
% double # type
% 24 # length
#select x from test2 where x between 0 and -1;
% sys.test2 # table_name
% x # name
% double # type
% 24 # length
#select x from test3 where x between 0 and -1;
% sys.test3 # table_name
% x # name
% double # type
% 24 # length
#select x from test4 where x between 0 and -1;
% sys.test4 # table_name
% x # name
% double # type
% 24 # length
#select y from test1 where y between 0 and -1;
% sys.test1 # table_name
% y # name
% double # type
% 24 # length
#select y from test2 where y between 0 and -1;
% sys.test2 # table_name
% y # name
% double # type
% 24 # length
#select y from test3 where y between 0 and -1;
% sys.test3 # table_name
% y # name
% double # type
% 24 # length
#select y from test4 where y between 0 and -1;
% sys.test4 # table_name
% y # name
% double # type
% 24 # length
#explain select x,y from test where x between 4.0 and 6.0;
% .explain # table_name
% mal # name
% clob # type
% 130 # length
function user.SQLanalyze():void;
    X_5:void := querylog.define("explain select x,y from test where x between 4.0 and 6.0;":str, "default_pipe":str, 51:int);
barrier X_150:bit := language.dataflow();
    X_43:bat[:dbl] := bat.new(nil:dbl);
    X_8:int := sql.mvc();
    X_161:bat[:dbl] := sql.bind(X_8:int, "sys":str, "test2":str, "x":str, 0:int, 0:int, 2:int);
    X_126:bat[:dbl] := mosaic.decompress(X_161:bat[:dbl]);
    C_162:bat[:oid] := sql.tid(X_8:int, "sys":str, "test2":str, 0:int, 2:int);
    X_123:bat[:oid] := mosaic.decompress(C_162:bat[:oid]);
    C_131:bat[:oid] := algebra.select(X_126:bat[:dbl], X_123:bat[:oid], 4:dbl, 6:dbl, true:bit, true:bit, false:bit);
    X_133:bat[:dbl] := algebra.projection(C_131:bat[:oid], X_126:bat[:dbl]);
    X_163:bat[:dbl] := sql.bind(X_8:int, "sys":str, "test2":str, "x":str, 0:int, 1:int, 2:int);
    X_127:bat[:dbl] := mosaic.decompress(X_163:bat[:dbl]);
    C_164:bat[:oid] := sql.tid(X_8:int, "sys":str, "test2":str, 1:int, 2:int);
    X_125:bat[:oid] := mosaic.decompress(C_164:bat[:oid]);
    C_132:bat[:oid] := algebra.select(X_127:bat[:dbl], X_125:bat[:oid], 4:dbl, 6:dbl, true:bit, true:bit, false:bit);
    X_134:bat[:dbl] := algebra.projection(C_132:bat[:oid], X_127:bat[:dbl]);
    X_145:bat[:dbl] := mat.packIncrement(X_133:bat[:dbl], 2:int);
    X_28:bat[:dbl] := mat.packIncrement(X_145:bat[:dbl], X_134:bat[:dbl]);
    X_165:bat[:dbl] := sql.bind(X_8:int, "sys":str, "test3":str, "x":str, 0:int);
    X_32:bat[:dbl] := mosaic.decompress(X_165:bat[:dbl]);
    C_166:bat[:oid] := sql.tid(X_8:int, "sys":str, "test3":str);
    X_30:bat[:oid] := mosaic.decompress(C_166:bat[:oid]);
    C_40:bat[:oid] := algebra.select(X_32:bat[:dbl], X_30:bat[:oid], 4:dbl, 6:dbl, true:bit, true:bit, false:bit);
    X_34:bat[:dbl] := sql.bind(X_8:int, "sys":str, "test3":str, "y":str, 0:int);
    X_42:bat[:dbl] := mosaic.projection(C_40:bat[:oid], X_34:bat[:dbl]);
    X_41:bat[:dbl] := algebra.projection(C_40:bat[:oid], X_32:bat[:dbl]);
    X_129:bat[:dbl] := sql.bind(X_8:int, "sys":str, "test2":str, "y":str, 0:int, 1:int, 2:int);
    X_136:bat[:dbl] := mosaic.projection(C_132:bat[:oid], X_129:bat[:dbl]);
    X_128:bat[:dbl] := sql.bind(X_8:int, "sys":str, "test2":str, "y":str, 0:int, 0:int, 2:int);
    X_135:bat[:dbl] := mosaic.projection(C_131:bat[:oid], X_128:bat[:dbl]);
    X_45:bat[:dbl] := bat.append(X_43:bat[:dbl], X_28:bat[:dbl], true:bit);
    X_46:bat[:dbl] := bat.append(X_45:bat[:dbl], X_41:bat[:dbl], true:bit);
    X_47:bat[:dbl] := bat.new(nil:dbl);
    X_147:bat[:dbl] := mat.packIncrement(X_135:bat[:dbl], 2:int);
    X_29:bat[:dbl] := mat.packIncrement(X_147:bat[:dbl], X_136:bat[:dbl]);
    X_48:bat[:dbl] := bat.append(X_47:bat[:dbl], X_29:bat[:dbl], true:bit);
    X_49:bat[:dbl] := bat.append(X_48:bat[:dbl], X_42:bat[:dbl], true:bit);
    X_51:bat[:str] := bat.new(nil:str);
    X_57:bat[:int] := bat.new(nil:int);
    X_55:bat[:int] := bat.new(nil:int);
    X_54:bat[:str] := bat.new(nil:str);
    X_53:bat[:str] := bat.new(nil:str);
    X_58:bat[:str] := bat.append(X_51:bat[:str], ".test":str);
    X_60:bat[:str] := bat.append(X_53:bat[:str], "x":str);
    X_62:bat[:str] := bat.append(X_54:bat[:str], "double":str);
    X_64:bat[:int] := bat.append(X_55:bat[:int], 53:int);
    X_66:bat[:int] := bat.append(X_57:bat[:int], 0:int);
    X_68:bat[:str] := bat.append(X_58:bat[:str], ".test":str);
    X_69:bat[:str] := bat.append(X_60:bat[:str], "y":str);
    X_71:bat[:str] := bat.append(X_62:bat[:str], "double":str);
    X_72:bat[:int] := bat.append(X_64:bat[:int], 53:int);
    X_73:bat[:int] := bat.append(X_66:bat[:int], 0:int);
    language.pass(X_126:bat[:dbl]);
    language.pass(X_127:bat[:dbl]);
    language.pass(C_40:bat[:oid]);
    language.pass(X_32:bat[:dbl]);
    language.pass(C_132:bat[:oid]);
    language.pass(C_131:bat[:oid]);
exit X_150:bit;
    sql.resultSet(X_68:bat[:str], X_69:bat[:str], X_71:bat[:str], X_72:bat[:int], X_73:bat[:int], X_46:bat[:dbl], X_49:bat[:dbl]);
end user.SQLanalyze;
#inline               actions= 0 time=3 usec 
#remap                actions= 0 time=8 usec 
#costmodel            actions= 1 time=4 usec 
#coercion             actions= 0 time=5 usec 
#evaluate             actions= 6 time=48 usec 
#emptybind            actions= 0 time=24 usec 
#aliases              actions=10 time=24 usec 
#mitosis              actions= 1 time=72 usec 
#mergetable           actions= 3 time=157 usec 
#deadcode             actions= 4 time=21 usec 
#aliases              actions= 0 time=16 usec 
#constants            actions= 7 time=17 usec 
#commonTerms          actions= 0 time=18 usec 
#projectionpath       actions= 0 time=12 usec 
#deadcode             actions= 0 time=16 usec 
#reorder              actions= 1 time=79 usec 
#reduce               actions=43 time=23 usec 
#matpack              actions= 2 time=17 usec 
#dataflow             actions=27 time=63 usec 
#multiplex            actions= 0 time=5 usec 
#profiler             actions= 1 time=9 usec 
#candidates           actions= 1 time=4 usec 
#garbagecollector     actions= 1 time=44 usec 
#total                actions= 1 time=984 usec 
#explain select x,y from test where x between (7-3) and (7-1);
% .explain # table_name
% mal # name
% clob # type
% 130 # length
function user.SQLanalyze():void;
    X_8:void := querylog.define("explain select x,y from test where x between (7-3) and (7-1);":str, "default_pipe":str, 61:int);
barrier X_163:bit := language.dataflow();
    X_53:bat[:dbl] := bat.new(nil:dbl);
    X_11:int := sql.mvc();
    X_174:bat[:dbl] := sql.bind(X_11:int, "sys":str, "test2":str, "x":str, 0:int, 0:int, 2:int);
    X_139:bat[:dbl] := mosaic.decompress(X_174:bat[:dbl]);
    C_175:bat[:oid] := sql.tid(X_11:int, "sys":str, "test2":str, 0:int, 2:int);
    X_136:bat[:oid] := mosaic.decompress(C_175:bat[:oid]);
    C_144:bat[:oid] := algebra.select(X_139:bat[:dbl], X_136:bat[:oid], 4:dbl, 6:dbl, true:bit, true:bit, false:bit);
    X_146:bat[:dbl] := algebra.projection(C_144:bat[:oid], X_139:bat[:dbl]);
    X_176:bat[:dbl] := sql.bind(X_11:int, "sys":str, "test2":str, "x":str, 0:int, 1:int, 2:int);
    X_140:bat[:dbl] := mosaic.decompress(X_176:bat[:dbl]);
    C_177:bat[:oid] := sql.tid(X_11:int, "sys":str, "test2":str, 1:int, 2:int);
    X_138:bat[:oid] := mosaic.decompress(C_177:bat[:oid]);
    C_145:bat[:oid] := algebra.select(X_140:bat[:dbl], X_138:bat[:oid], 4:dbl, 6:dbl, true:bit, true:bit, false:bit);
    X_147:bat[:dbl] := algebra.projection(C_145:bat[:oid], X_140:bat[:dbl]);
    X_158:bat[:dbl] := mat.packIncrement(X_146:bat[:dbl], 2:int);
    X_34:bat[:dbl] := mat.packIncrement(X_158:bat[:dbl], X_147:bat[:dbl]);
    X_178:bat[:dbl] := sql.bind(X_11:int, "sys":str, "test3":str, "x":str, 0:int);
    X_38:bat[:dbl] := mosaic.decompress(X_178:bat[:dbl]);
    C_179:bat[:oid] := sql.tid(X_11:int, "sys":str, "test3":str);
    X_36:bat[:oid] := mosaic.decompress(C_179:bat[:oid]);
    C_50:bat[:oid] := algebra.select(X_38:bat[:dbl], X_36:bat[:oid], 4:dbl, 6:dbl, true:bit, true:bit, false:bit);
    X_40:bat[:dbl] := sql.bind(X_11:int, "sys":str, "test3":str, "y":str, 0:int);
    X_52:bat[:dbl] := mosaic.projection(C_50:bat[:oid], X_40:bat[:dbl]);
    X_51:bat[:dbl] := algebra.projection(C_50:bat[:oid], X_38:bat[:dbl]);
    X_142:bat[:dbl] := sql.bind(X_11:int, "sys":str, "test2":str, "y":str, 0:int, 1:int, 2:int);
    X_149:bat[:dbl] := mosaic.projection(C_145:bat[:oid], X_142:bat[:dbl]);
    X_141:bat[:dbl] := sql.bind(X_11:int, "sys":str, "test2":str, "y":str, 0:int, 0:int, 2:int);
    X_148:bat[:dbl] := mosaic.projection(C_144:bat[:oid], X_141:bat[:dbl]);
    X_55:bat[:dbl] := bat.append(X_53:bat[:dbl], X_34:bat[:dbl], true:bit);
    X_56:bat[:dbl] := bat.append(X_55:bat[:dbl], X_51:bat[:dbl], true:bit);
    X_57:bat[:dbl] := bat.new(nil:dbl);
    X_160:bat[:dbl] := mat.packIncrement(X_148:bat[:dbl], 2:int);
    X_35:bat[:dbl] := mat.packIncrement(X_160:bat[:dbl], X_149:bat[:dbl]);
    X_58:bat[:dbl] := bat.append(X_57:bat[:dbl], X_35:bat[:dbl], true:bit);
    X_59:bat[:dbl] := bat.append(X_58:bat[:dbl], X_52:bat[:dbl], true:bit);
    X_61:bat[:str] := bat.new(nil:str);
    X_67:bat[:int] := bat.new(nil:int);
    X_65:bat[:int] := bat.new(nil:int);
    X_64:bat[:str] := bat.new(nil:str);
    X_63:bat[:str] := bat.new(nil:str);
    X_68:bat[:str] := bat.append(X_61:bat[:str], ".test":str);
    X_70:bat[:str] := bat.append(X_63:bat[:str], "x":str);
    X_72:bat[:str] := bat.append(X_64:bat[:str], "double":str);
    X_74:bat[:int] := bat.append(X_65:bat[:int], 53:int);
    X_76:bat[:int] := bat.append(X_67:bat[:int], 0:int);
    X_78:bat[:str] := bat.append(X_68:bat[:str], ".test":str);
    X_79:bat[:str] := bat.append(X_70:bat[:str], "y":str);
    X_81:bat[:str] := bat.append(X_72:bat[:str], "double":str);
    X_82:bat[:int] := bat.append(X_74:bat[:int], 53:int);
    X_83:bat[:int] := bat.append(X_76:bat[:int], 0:int);
    language.pass(X_139:bat[:dbl]);
    language.pass(X_140:bat[:dbl]);
    language.pass(C_50:bat[:oid]);
    language.pass(X_38:bat[:dbl]);
    language.pass(C_145:bat[:oid]);
    language.pass(C_144:bat[:oid]);
exit X_163:bit;
    sql.resultSet(X_78:bat[:str], X_79:bat[:str], X_81:bat[:str], X_82:bat[:int], X_83:bat[:int], X_56:bat[:dbl], X_59:bat[:dbl]);
end user.SQLanalyze;
#inline               actions= 0 time=2 usec 
#remap                actions= 0 time=6 usec 
#costmodel            actions= 1 time=5 usec 
#coercion             actions= 0 time=4 usec 
#evaluate             actions=20 time=82 usec 
#emptybind            actions= 0 time=19 usec 
#aliases              actions=24 time=19 usec 
#mitosis              actions= 1 time=47 usec 
#mergetable           actions= 3 time=92 usec 
#deadcode             actions= 4 time=15 usec 
#aliases              actions= 0 time=12 usec 
#constants            actions= 9 time=14 usec 
#commonTerms          actions= 0 time=13 usec 
#projectionpath       actions= 0 time=9 usec 
#deadcode             actions= 0 time=13 usec 
#reorder              actions= 1 time=54 usec 
#reduce               actions=64 time=25 usec 
#matpack              actions= 2 time=14 usec 
#dataflow             actions=27 time=46 usec 
#multiplex            actions= 0 time=5 usec 
#profiler             actions= 1 time=7 usec 
#candidates           actions= 1 time=2 usec 
#garbagecollector     actions= 1 time=37 usec 
#total                actions= 1 time=766 usec 
#explain select x,y from test where x between 4.0 and 6.0 and y between 0.0 and 2.0;
% .explain # table_name
% mal # name
% clob # type
% 151 # length
function user.SQLanalyze():void;
    X_9:void := querylog.define("explain select x,y from test where x between 4.0 and 6.0 and y between 0.0 and 2.0;":str, "default_pipe":str, 40:int);
barrier X_142:bit := language.dataflow();
    X_40:bat[:str] := bat.new(nil:str);
    X_46:bat[:int] := bat.new(nil:int);
    X_44:bat[:int] := bat.new(nil:int);
    X_43:bat[:str] := bat.new(nil:str);
    X_42:bat[:str] := bat.new(nil:str);
    X_12:int := sql.mvc();
    X_153:bat[:dbl] := sql.bind(X_12:int, "sys":str, "test3":str, "y":str, 0:int, 1:int, 2:int);
    X_119:bat[:dbl] := mosaic.decompress(X_153:bat[:dbl]);
    X_154:bat[:dbl] := sql.bind(X_12:int, "sys":str, "test3":str, "x":str, 0:int, 1:int, 2:int);
    X_117:bat[:dbl] := mosaic.decompress(X_154:bat[:dbl]);
    C_155:bat[:oid] := sql.tid(X_12:int, "sys":str, "test3":str, 1:int, 2:int);
    X_115:bat[:oid] := mosaic.decompress(C_155:bat[:oid]);
    C_122:bat[:oid] := algebra.select(X_117:bat[:dbl], X_115:bat[:oid], 4:dbl, 6:dbl, true:bit, true:bit, false:bit);
    C_124:bat[:oid] := algebra.select(X_119:bat[:dbl], C_122:bat[:oid], 0:dbl, 2:dbl, true:bit, true:bit, false:bit);
    X_128:bat[:dbl] := algebra.projection(C_124:bat[:oid], X_119:bat[:dbl]);
    X_156:bat[:dbl] := sql.bind(X_12:int, "sys":str, "test3":str, "y":str, 0:int, 0:int, 2:int);
    X_118:bat[:dbl] := mosaic.decompress(X_156:bat[:dbl]);
    X_157:bat[:dbl] := sql.bind(X_12:int, "sys":str, "test3":str, "x":str, 0:int, 0:int, 2:int);
    X_116:bat[:dbl] := mosaic.decompress(X_157:bat[:dbl]);
    C_158:bat[:oid] := sql.tid(X_12:int, "sys":str, "test3":str, 0:int, 2:int);
    X_113:bat[:oid] := mosaic.decompress(C_158:bat[:oid]);
    C_121:bat[:oid] := algebra.select(X_116:bat[:dbl], X_113:bat[:oid], 4:dbl, 6:dbl, true:bit, true:bit, false:bit);
    C_123:bat[:oid] := algebra.select(X_118:bat[:dbl], C_121:bat[:oid], 0:dbl, 2:dbl, true:bit, true:bit, false:bit);
    X_127:bat[:dbl] := algebra.projection(C_123:bat[:oid], X_118:bat[:dbl]);
    X_126:bat[:dbl] := algebra.projection(C_124:bat[:oid], X_117:bat[:dbl]);
    X_125:bat[:dbl] := algebra.projection(C_123:bat[:oid], X_116:bat[:dbl]);
    X_47:bat[:str] := bat.append(X_40:bat[:str], "sys.test":str);
    X_49:bat[:str] := bat.append(X_42:bat[:str], "x":str);
    X_51:bat[:str] := bat.append(X_43:bat[:str], "double":str);
    X_53:bat[:int] := bat.append(X_44:bat[:int], 53:int);
    X_55:bat[:int] := bat.append(X_46:bat[:int], 0:int);
    X_57:bat[:str] := bat.append(X_47:bat[:str], "sys.test":str);
    X_58:bat[:str] := bat.append(X_49:bat[:str], "y":str);
    X_60:bat[:str] := bat.append(X_51:bat[:str], "double":str);
    X_61:bat[:int] := bat.append(X_53:bat[:int], 53:int);
    X_62:bat[:int] := bat.append(X_55:bat[:int], 0:int);
    X_137:bat[:dbl] := mat.packIncrement(X_125:bat[:dbl], 2:int);
    X_37:bat[:dbl] := mat.packIncrement(X_137:bat[:dbl], X_126:bat[:dbl]);
    X_139:bat[:dbl] := mat.packIncrement(X_127:bat[:dbl], 2:int);
    X_38:bat[:dbl] := mat.packIncrement(X_139:bat[:dbl], X_128:bat[:dbl]);
    language.pass(X_119:bat[:dbl]);
    language.pass(X_118:bat[:dbl]);
    language.pass(C_124:bat[:oid]);
    language.pass(X_117:bat[:dbl]);
    language.pass(C_123:bat[:oid]);
    language.pass(X_116:bat[:dbl]);
exit X_142:bit;
    sql.resultSet(X_57:bat[:str], X_58:bat[:str], X_60:bat[:str], X_61:bat[:int], X_62:bat[:int], X_37:bat[:dbl], X_38:bat[:dbl]);
end user.SQLanalyze;
#inline               actions= 0 time=2 usec 
#remap                actions= 0 time=8 usec 
#costmodel            actions= 1 time=3 usec 
#coercion             actions= 0 time=3 usec 
#evaluate             actions= 8 time=33 usec 
#emptybind            actions= 0 time=14 usec 
#aliases              actions=10 time=29 usec 
#mitosis              actions= 1 time=41 usec 
#mergetable           actions= 4 time=85 usec 
#deadcode             actions= 5 time=14 usec 
#aliases              actions= 0 time=10 usec 
#constants            actions= 9 time=12 usec 
#commonTerms          actions= 0 time=12 usec 
#projectionpath       actions= 0 time=8 usec 
#deadcode             actions= 0 time=10 usec 
#reorder              actions= 1 time=45 usec 
#reduce               actions=44 time=20 usec 
#matpack              actions= 2 time=13 usec 
#dataflow             actions=27 time=41 usec 
#multiplex            actions= 0 time=4 usec 
#profiler             actions= 1 time=6 usec 
#candidates           actions= 1 time=2 usec 
#garbagecollector     actions= 1 time=32 usec 
#total                actions= 1 time=615 usec 
#explain select x,y from test where x between 4.0 and 6.0 and y between (1.0-1.0) and (4.0-2.0);
% .explain # table_name
% mal # name
% clob # type
% 164 # length
function user.SQLanalyze():void;
    X_11:void := querylog.define("explain select x,y from test where x between 4.0 and 6.0 and y between (1.0-1.0) and (4.0-2.0);":str, "default_pipe":str, 46:int);
barrier X_150:bit := language.dataflow();
    X_46:bat[:str] := bat.new(nil:str);
    X_52:bat[:int] := bat.new(nil:int);
    X_50:bat[:int] := bat.new(nil:int);
    X_49:bat[:str] := bat.new(nil:str);
    X_48:bat[:str] := bat.new(nil:str);
    X_14:int := sql.mvc();
    X_161:bat[:dbl] := sql.bind(X_14:int, "sys":str, "test3":str, "y":str, 0:int, 1:int, 2:int);
    X_127:bat[:dbl] := mosaic.decompress(X_161:bat[:dbl]);
    X_162:bat[:dbl] := sql.bind(X_14:int, "sys":str, "test3":str, "x":str, 0:int, 1:int, 2:int);
    X_125:bat[:dbl] := mosaic.decompress(X_162:bat[:dbl]);
    C_163:bat[:oid] := sql.tid(X_14:int, "sys":str, "test3":str, 1:int, 2:int);
    X_123:bat[:oid] := mosaic.decompress(C_163:bat[:oid]);
    C_130:bat[:oid] := algebra.select(X_125:bat[:dbl], X_123:bat[:oid], 4:dbl, 6:dbl, true:bit, true:bit, false:bit);
    C_132:bat[:oid] := algebra.select(X_127:bat[:dbl], C_130:bat[:oid], 0:dbl, 2:dbl, true:bit, true:bit, false:bit);
    X_136:bat[:dbl] := algebra.projection(C_132:bat[:oid], X_127:bat[:dbl]);
    X_164:bat[:dbl] := sql.bind(X_14:int, "sys":str, "test3":str, "y":str, 0:int, 0:int, 2:int);
    X_126:bat[:dbl] := mosaic.decompress(X_164:bat[:dbl]);
    X_165:bat[:dbl] := sql.bind(X_14:int, "sys":str, "test3":str, "x":str, 0:int, 0:int, 2:int);
    X_124:bat[:dbl] := mosaic.decompress(X_165:bat[:dbl]);
    C_166:bat[:oid] := sql.tid(X_14:int, "sys":str, "test3":str, 0:int, 2:int);
    X_121:bat[:oid] := mosaic.decompress(C_166:bat[:oid]);
    C_129:bat[:oid] := algebra.select(X_124:bat[:dbl], X_121:bat[:oid], 4:dbl, 6:dbl, true:bit, true:bit, false:bit);
    C_131:bat[:oid] := algebra.select(X_126:bat[:dbl], C_129:bat[:oid], 0:dbl, 2:dbl, true:bit, true:bit, false:bit);
    X_135:bat[:dbl] := algebra.projection(C_131:bat[:oid], X_126:bat[:dbl]);
    X_134:bat[:dbl] := algebra.projection(C_132:bat[:oid], X_125:bat[:dbl]);
    X_133:bat[:dbl] := algebra.projection(C_131:bat[:oid], X_124:bat[:dbl]);
    X_53:bat[:str] := bat.append(X_46:bat[:str], "sys.test":str);
    X_55:bat[:str] := bat.append(X_48:bat[:str], "x":str);
    X_57:bat[:str] := bat.append(X_49:bat[:str], "double":str);
    X_59:bat[:int] := bat.append(X_50:bat[:int], 53:int);
    X_61:bat[:int] := bat.append(X_52:bat[:int], 0:int);
    X_63:bat[:str] := bat.append(X_53:bat[:str], "sys.test":str);
    X_64:bat[:str] := bat.append(X_55:bat[:str], "y":str);
    X_66:bat[:str] := bat.append(X_57:bat[:str], "double":str);
    X_67:bat[:int] := bat.append(X_59:bat[:int], 53:int);
    X_68:bat[:int] := bat.append(X_61:bat[:int], 0:int);
    X_145:bat[:dbl] := mat.packIncrement(X_133:bat[:dbl], 2:int);
    X_43:bat[:dbl] := mat.packIncrement(X_145:bat[:dbl], X_134:bat[:dbl]);
    X_147:bat[:dbl] := mat.packIncrement(X_135:bat[:dbl], 2:int);
    X_44:bat[:dbl] := mat.packIncrement(X_147:bat[:dbl], X_136:bat[:dbl]);
    language.pass(X_127:bat[:dbl]);
    language.pass(X_126:bat[:dbl]);
    language.pass(C_132:bat[:oid]);
    language.pass(X_125:bat[:dbl]);
    language.pass(C_131:bat[:oid]);
    language.pass(X_124:bat[:dbl]);
exit X_150:bit;
    sql.resultSet(X_63:bat[:str], X_64:bat[:str], X_66:bat[:str], X_67:bat[:int], X_68:bat[:int], X_43:bat[:dbl], X_44:bat[:dbl]);
end user.SQLanalyze;
#inline               actions= 0 time=1 usec 
#remap                actions= 0 time=5 usec 
#costmodel            actions= 1 time=5 usec 
#coercion             actions= 0 time=3 usec 
#evaluate             actions=16 time=60 usec 
#emptybind            actions= 0 time=16 usec 
#aliases              actions=18 time=15 usec 
#mitosis              actions= 1 time=40 usec 
#mergetable           actions= 4 time=81 usec 
#deadcode             actions= 5 time=13 usec 
#aliases              actions= 0 time=10 usec 
#constants            actions=11 time=14 usec 
#commonTerms          actions= 0 time=11 usec 
#projectionpath       actions= 0 time=7 usec 
#deadcode             actions= 0 time=10 usec 
#reorder              actions= 1 time=45 usec 
#reduce               actions=58 time=22 usec 
#matpack              actions= 2 time=13 usec 
#dataflow             actions=27 time=40 usec 
#multiplex            actions= 0 time=4 usec 
#profiler             actions= 1 time=5 usec 
#candidates           actions= 1 time=2 usec 
#garbagecollector     actions= 1 time=33 usec 
#total                actions= 1 time=638 usec 
#explain select x,y from test where x between (7-3) and (7-1) and y between (1.0-1.0) and (4.0-2.0);
% .explain # table_name
% mal # name
% clob # type
% 168 # length
function user.SQLanalyze():void;
    X_15:void := querylog.define("explain select x,y from test where x between (7-3) and (7-1) and y between (1.0-1.0) and (4.0-2.0);":str, "default_pipe":str, 52:int);
barrier X_162:bit := language.dataflow();
    X_54:bat[:str] := bat.new(nil:str);
    X_60:bat[:int] := bat.new(nil:int);
    X_58:bat[:int] := bat.new(nil:int);
    X_57:bat[:str] := bat.new(nil:str);
    X_56:bat[:str] := bat.new(nil:str);
    X_18:int := sql.mvc();
    X_173:bat[:dbl] := sql.bind(X_18:int, "sys":str, "test3":str, "y":str, 0:int, 1:int, 2:int);
    X_139:bat[:dbl] := mosaic.decompress(X_173:bat[:dbl]);
    X_174:bat[:dbl] := sql.bind(X_18:int, "sys":str, "test3":str, "x":str, 0:int, 1:int, 2:int);
    X_137:bat[:dbl] := mosaic.decompress(X_174:bat[:dbl]);
    C_175:bat[:oid] := sql.tid(X_18:int, "sys":str, "test3":str, 1:int, 2:int);
    X_135:bat[:oid] := mosaic.decompress(C_175:bat[:oid]);
    C_142:bat[:oid] := algebra.select(X_137:bat[:dbl], X_135:bat[:oid], 4:dbl, 6:dbl, true:bit, true:bit, false:bit);
    C_144:bat[:oid] := algebra.select(X_139:bat[:dbl], C_142:bat[:oid], 0:dbl, 2:dbl, true:bit, true:bit, false:bit);
    X_148:bat[:dbl] := algebra.projection(C_144:bat[:oid], X_139:bat[:dbl]);
    X_176:bat[:dbl] := sql.bind(X_18:int, "sys":str, "test3":str, "y":str, 0:int, 0:int, 2:int);
    X_138:bat[:dbl] := mosaic.decompress(X_176:bat[:dbl]);
    X_177:bat[:dbl] := sql.bind(X_18:int, "sys":str, "test3":str, "x":str, 0:int, 0:int, 2:int);
    X_136:bat[:dbl] := mosaic.decompress(X_177:bat[:dbl]);
    C_178:bat[:oid] := sql.tid(X_18:int, "sys":str, "test3":str, 0:int, 2:int);
    X_133:bat[:oid] := mosaic.decompress(C_178:bat[:oid]);
    C_141:bat[:oid] := algebra.select(X_136:bat[:dbl], X_133:bat[:oid], 4:dbl, 6:dbl, true:bit, true:bit, false:bit);
    C_143:bat[:oid] := algebra.select(X_138:bat[:dbl], C_141:bat[:oid], 0:dbl, 2:dbl, true:bit, true:bit, false:bit);
    X_147:bat[:dbl] := algebra.projection(C_143:bat[:oid], X_138:bat[:dbl]);
    X_146:bat[:dbl] := algebra.projection(C_144:bat[:oid], X_137:bat[:dbl]);
    X_145:bat[:dbl] := algebra.projection(C_143:bat[:oid], X_136:bat[:dbl]);
    X_61:bat[:str] := bat.append(X_54:bat[:str], "sys.test":str);
    X_63:bat[:str] := bat.append(X_56:bat[:str], "x":str);
    X_65:bat[:str] := bat.append(X_57:bat[:str], "double":str);
    X_67:bat[:int] := bat.append(X_58:bat[:int], 53:int);
    X_69:bat[:int] := bat.append(X_60:bat[:int], 0:int);
    X_71:bat[:str] := bat.append(X_61:bat[:str], "sys.test":str);
    X_72:bat[:str] := bat.append(X_63:bat[:str], "y":str);
    X_74:bat[:str] := bat.append(X_65:bat[:str], "double":str);
    X_75:bat[:int] := bat.append(X_67:bat[:int], 53:int);
    X_76:bat[:int] := bat.append(X_69:bat[:int], 0:int);
    X_157:bat[:dbl] := mat.packIncrement(X_145:bat[:dbl], 2:int);
    X_51:bat[:dbl] := mat.packIncrement(X_157:bat[:dbl], X_146:bat[:dbl]);
    X_159:bat[:dbl] := mat.packIncrement(X_147:bat[:dbl], 2:int);
    X_52:bat[:dbl] := mat.packIncrement(X_159:bat[:dbl], X_148:bat[:dbl]);
    language.pass(X_139:bat[:dbl]);
    language.pass(X_138:bat[:dbl]);
    language.pass(C_144:bat[:oid]);
    language.pass(X_137:bat[:dbl]);
    language.pass(C_143:bat[:oid]);
    language.pass(X_136:bat[:dbl]);
exit X_162:bit;
    sql.resultSet(X_71:bat[:str], X_72:bat[:str], X_74:bat[:str], X_75:bat[:int], X_76:bat[:int], X_51:bat[:dbl], X_52:bat[:dbl]);
end user.SQLanalyze;
#inline               actions= 0 time=2 usec 
#remap                actions= 0 time=8 usec 
#costmodel            actions= 1 time=3 usec 
#coercion             actions= 0 time=3 usec 
#evaluate             actions=24 time=70 usec 
#emptybind            actions= 0 time=17 usec 
#aliases              actions=26 time=17 usec 
#mitosis              actions= 1 time=42 usec 
#mergetable           actions= 4 time=82 usec 
#deadcode             actions= 5 time=14 usec 
#aliases              actions= 0 time=11 usec 
#constants            actions=12 time=32 usec 
#commonTerms          actions= 0 time=12 usec 
#projectionpath       actions= 0 time=7 usec 
#deadcode             actions= 0 time=11 usec 
#reorder              actions= 1 time=46 usec 
#reduce               actions=72 time=26 usec 
#matpack              actions= 2 time=14 usec 
#dataflow             actions=27 time=41 usec 
#multiplex            actions= 0 time=5 usec 
#profiler             actions= 1 time=5 usec 
#candidates           actions= 1 time=2 usec 
#garbagecollector     actions= 1 time=33 usec 
#total                actions= 1 time=695 usec 
#drop table test;
#drop table test1;
#drop table test2;
#drop table test3;
#drop table test4;

# 18:37:29 >  
# 18:37:29 >  "Done."
# 18:37:29 >  

