stdout of test 'explain.SF-1739353` in directory 'sql/test/BugTracker` itself:


# 15:11:17 >  
# 15:11:17 >  "mserver5" "--debug=10" "--set" "gdk_nr_threads=0" "--set" "mapi_open=true" "--set" "mapi_port=33800" "--set" "mapi_usock=/var/tmp/mtest-7180/.s.monetdb.33800" "--set" "monet_prompt=" "--forcemito" "--dbpath=/ufs/sjoerd/@Monet-virgin/var/MonetDB/mTests_sql_test_BugTracker"
# 15:11:17 >  

# MonetDB 5 server v11.29.0
# This is an unreleased version
# Serving database 'mTests_sql_test_BugTracker', using 8 threads
# Compiled for x86_64-unknown-linux-gnu/64bit with 128bit integers
# Found 62.701 GiB available main-memory.
# Copyright (c) 1993-July 2008 CWI.
# Copyright (c) August 2008-2017 MonetDB B.V., all rights reserved
# Visit https://www.monetdb.org/ for further information
# Listening for connection requests on mapi:monetdb://methuselah.da.cwi.nl:33800/
# Listening for UNIX domain connection requests on mapi:monetdb:///var/tmp/mtest-7180/.s.monetdb.33800
# MonetDB/GIS module loaded
# MonetDB/SQL module loaded


# 15:11:18 >  
# 15:11:18 >  "./explain.SF-1739353.SQL.sh" "explain.SF-1739353"
# 15:11:18 >  


Operation successful
+------------------------------------------------------------------------------------------------------------------------+
| mal                                                                                                                    |
+========================================================================================================================+
| function user.main():void;                                                                                             |
|     X_1:void := querylog.define("explain select \"name\" from \"tables\"\n;":str, "sequential_pipe":str, 35:int);      |
|     X_36:bat[:str] := bat.new(nil:str);                                                                                |
|     X_4:int := sql.mvc();                                                                                              |
|     X_19:bat[:sht] := sql.bind(X_4:int, "sys":str, "_tables":str, "type":str, 0:int);                                  |
|     C_5:bat[:oid] := sql.tid(X_4:int, "sys":str, "_tables":str, true:bit);                                             |
|     C_94:bat[:oid] := algebra.thetaselect(X_19:bat[:sht], C_5:bat[:oid], 2:sht, "!=":str);                             |
|     (X_22:bat[:oid], X_23:bat[:sht]) := sql.bind(X_4:int, "sys":str, "_tables":str, "type":str, 2:int);                |
|     C_95:bat[:oid] := algebra.thetaselect(X_23:bat[:sht], nil:bat[:oid], 2:sht, "!=":str);                             |
|     X_21:bat[:sht] := sql.bind(X_4:int, "sys":str, "_tables":str, "type":str, 1:int);                                  |
|     C_97:bat[:oid] := algebra.thetaselect(X_21:bat[:sht], C_5:bat[:oid], 2:sht, "!=":str);                             |
|     C_28:bat[:oid] := sql.subdelta(C_94:bat[:oid], C_5:bat[:oid], X_22:bat[:oid], C_95:bat[:oid], C_97:bat[:oid]);     |
|     X_9:bat[:str] := sql.bind(X_4:int, "sys":str, "_tables":str, "name":str, 0:int);                                   |
|     (X_14:bat[:oid], X_15:bat[:str]) := sql.bind(X_4:int, "sys":str, "_tables":str, "name":str, 2:int);                |
|     X_12:bat[:str] := sql.bind(X_4:int, "sys":str, "_tables":str, "name":str, 1:int);                                  |
|     X_30:bat[:str] := sql.projectdelta(C_28:bat[:oid], X_9:bat[:str], X_14:bat[:oid], X_15:bat[:str], X_12:bat[:str]); |
|     C_32:bat[:oid] := sql.tid(X_4:int, "tmp":str, "_tables":str, true:bit);                                            |
|     X_34:bat[:str] := sql.bind(X_4:int, "tmp":str, "_tables":str, "name":str, 0:int);                                  |
|     X_35:bat[:str] := algebra.projection(C_32:bat[:oid], X_34:bat[:str]);                                              |
|     X_38:bat[:str] := bat.append(X_36:bat[:str], X_30:bat[:str], true:bit);                                            |
|     X_39:bat[:str] := bat.append(X_38:bat[:str], X_35:bat[:str], true:bit);                                            |
|     X_41:bat[:str] := bat.new(nil:str);                                                                                |
|     X_46:bat[:int] := bat.new(nil:int);                                                                                |
|     X_44:bat[:int] := bat.new(nil:int);                                                                                |
|     X_43:bat[:str] := bat.new(nil:str);                                                                                |
|     X_42:bat[:str] := bat.new(nil:str);                                                                                |
|     X_47:bat[:str] := bat.append(X_41:bat[:str], ".tables":str);                                                       |
|     X_49:bat[:str] := bat.append(X_42:bat[:str], "name":str);                                                          |
|     X_51:bat[:str] := bat.append(X_43:bat[:str], "varchar":str);                                                       |
|     X_53:bat[:int] := bat.append(X_44:bat[:int], 1024:int);                                                            |
|     X_55:bat[:int] := bat.append(X_46:bat[:int], 0:int);                                                               |
|     sql.resultSet(X_47:bat[:str], X_49:bat[:str], X_51:bat[:str], X_53:bat[:int], X_55:bat[:int], X_39:bat[:str]);     |
| end user.main;                                                                                                         |
| #inline               actions= 0 time=2 usec                                                                           |
| #remap                actions= 0 time=3 usec                                                                           |
| #costmodel            actions= 1 time=3 usec                                                                           |
| #coercion             actions= 1 time=7 usec                                                                           |
| #aliases              actions= 1 time=10 usec                                                                          |
| #evaluate             actions= 0 time=8 usec                                                                           |
| #emptybind            actions= 0 time=0 usec                                                                           |
| #pushselect           actions= 5 time=35 usec                                                                          |
| #aliases              actions= 2 time=12 usec                                                                          |
| #mergetable           actions= 0 time=47 usec                                                                          |
| #deadcode             actions= 3 time=15 usec                                                                          |
| #aliases              actions= 0 time=1 usec                                                                           |
| #constants            actions= 2 time=9 usec                                                                           |
| #commonTerms          actions= 0 time=8 usec                                                                           |
| #projectionpath       actions= 0 time=4 usec                                                                           |
| #deadcode             actions= 0 time=11 usec                                                                          |
| #reorder              actions= 1 time=34 usec                                                                          |
| #matpack              actions= 0 time=0 usec                                                                           |
| #multiplex            actions= 0 time=2 usec                                                                           |
| #profiler             actions= 1 time=2 usec                                                                           |
| #candidates           actions= 1 time=2 usec                                                                           |
| #deadcode             actions= 0 time=11 usec                                                                          |
| #wlc                  actions= 0 time=1 usec                                                                           |
| #garbagecollector     actions= 1 time=37 usec                                                                          |
| #total                actions=27 time=432 usec                                                                         |
+------------------------------------------------------------------------------------------------------------------------+
58 rows

# 15:11:18 >  
# 15:11:18 >  "Done."
# 15:11:18 >  

