stdout of test 'mosaic_frame` in directory 'monetdb5/modules/mosaic` itself:


# 07:42:13 >  
# 07:42:13 >  "mserver5" "--debug=10" "--set" "gdk_nr_threads=0" "--set" "mapi_open=true" "--set" "mapi_port=30639" "--set" "mapi_usock=/var/tmp/mtest-1108/.s.monetdb.30639" "--set" "monet_prompt=" "--forcemito" "--set" "mal_listing=2" "--dbpath=/export/scratch1/mk/mosaic//Linux/var/MonetDB/mTests_monetdb5_modules_mal" "mosaic_frame.mal"
# 07:42:13 >  

# MonetDB 5 server v11.20.0
# This is an unreleased version
# Serving database 'mTests_monetdb5_modules_mal', using 8 threads
# Compiled for x86_64-unknown-linux-gnu/64bit with 64bit OIDs and 128bit integers dynamically linked
# Found 15.590 GiB available main-memory.
# Copyright (c) 1993-July 2008 CWI.
# Copyright (c) August 2008-2014 MonetDB B.V., all rights reserved
# Visit http://www.monetdb.org/ for further information
# Listening for connection requests on mapi:monetdb://vienna.ins.cwi.nl:30639/
# Listening for UNIX domain connection requests on mapi:monetdb:///var/tmp/mtest-1108/.s.monetdb.30639
# MonetDB/GIS module loaded
# MonetDB/SQL module loaded
# MonetDB/R   module loaded

# 11:50:49 >  
# 11:50:49 >  "mclient" "-lmal" "-ftest" "-tnone" "-Eutf-8" "--host=/var/tmp/mtest-30332" "--port=39586"
# 11:50:49 >  

# 15:01:28 >  
# 15:01:28 >  "mclient" "-lmal" "-ftest" "-Eutf-8" "-i" "-e" "--host=/var/tmp/mtest-15809" "--port=37660"
# 15:01:28 >  

#x:= mosaic.compress(b,"frame");
#bits 2[0] 3160340058811904 [1] 3160340058871904 [2] 3160340058931904 
#io.print(base,z);
#--------------------------#
# h	t  # name
# void	timestamp  # type
#--------------------------#
[ 0@0,	2014-08-14 12:00:00.000,	2014-08-14 12:00:00.000  ]
[ 1@0,	2014-08-14 12:00:00.000,	2014-08-14 12:00:00.000  ]
[ 2@0,	2014-08-14 12:01:00.000,	2014-08-14 12:01:00.000  ]
[ 3@0,	2014-08-14 12:02:00.000,	2014-08-14 12:02:00.000  ]
[ 4@0,	2014-08-14 12:00:00.000,	2014-08-14 12:00:00.000  ]
[ 5@0,	2014-08-14 12:00:00.000,	2014-08-14 12:00:00.000  ]
[ 6@0,	2014-08-14 12:00:00.000,	2014-08-14 12:00:00.000  ]
[ 7@0,	2014-08-14 12:01:00.000,	2014-08-14 12:01:00.000  ]
[ 8@0,	2014-08-14 12:02:00.000,	2014-08-14 12:02:00.000  ]
[ 9@0,	2014-08-14 12:00:00.000,	2014-08-14 12:00:00.000  ]
# framebits 1:[0] 0 [1] 1 
# clk 11	sizes         40	     12608	31520%	     0.003x	frame[1,10]	
#--------------------------#
# t	t	t  # name
# void	date	date  # type
#--------------------------#
[ 0@0,	2014-08-14,	2014-08-14  ]
[ 1@0,	2014-08-14,	2014-08-14  ]
[ 2@0,	2014-08-14,	2014-08-14  ]
[ 3@0,	2014-08-14,	2014-08-14  ]
[ 4@0,	2014-08-15,	2014-08-15  ]
[ 5@0,	2014-08-14,	2014-08-14  ]
[ 6@0,	2014-08-14,	2014-08-14  ]
[ 7@0,	2014-08-14,	2014-08-14  ]
[ 8@0,	2014-08-14,	2014-08-14  ]
[ 9@0,	2014-08-15,	2014-08-15  ]
# framebits 7:[0] -1416 [1] -1350 [2] -1342 [3] -1331 [4] -1077 [5] -1065 [6] -1034 [7] -866 [8] -855 [9] -830 [10] -825 [11] -820 [12] -791 [13] -787 [14] -777 [15] -770 [16] -759 [17] -753 [18] -751 [19] -741 [20] -727 [21] -649 [22] -646 [23] -620 [24] -603 [25] -591 [26] -583 [27] -574 [28] -567 [29] -530 [30] -527 [31] -514 [32] -499 [33] -468 [34] -445 [35] -439 [36] -328 [37] -251 [38] -240 [39] -236 [40] -222 [41] -219 [42] -212 [43] -198 [44] -142 [45] -126 [46] -108 [47] -63 [48] -58 [49] -57 [50] -54 [51] -51 [52] -44 [53] -43 [54] -41 [55] -39 [56] -32 [57] -31 [58] -21 [59] 0 [60] 8 [61] 17 [62] 30 [63] 39 [64] 55 [65] 197 [66] 200 [67] 203 [68] 218 [69] 236 [70] 246 [71] 270 [72] 318 [73] 320 [74] 321 [75] 344 [76] 370 [77] 400 [78] 402 [79] 687 [80] 712 [81] 722 [82] 758 [83] 760 [84] 801 [85] 828 [86] 833 [87] 835 [88] 836 [89] 843 [90] 881 [91] 883 [92] 940 [93] 954 [94] 961 
# clk 119	sizes        400	     12688	3172%	     0.032x	frame[1,100]	
# framebits 7:[0] -1416 [1] -1350 [2] -1342 [3] -1331 [4] -1077 [5] -1065 [6] -1034 [7] -866 [8] -855 [9] -830 [10] -825 [11] -820 [12] -791 [13] -787 [14] -777 [15] -770 [16] -759 [17] -753 [18] -751 [19] -741 [20] -727 [21] -649 [22] -646 [23] -620 [24] -603 [25] -591 [26] -583 [27] -574 [28] -567 [29] -530 [30] -527 [31] -514 [32] -499 [33] -468 [34] -445 [35] -439 [36] -328 [37] -251 [38] -240 [39] -236 [40] -222 [41] -219 [42] -212 [43] -198 [44] -142 [45] -126 [46] -108 [47] -63 [48] -58 [49] -57 [50] -54 [51] -51 [52] -44 [53] -43 [54] -41 [55] -39 [56] -32 [57] -31 [58] -21 [59] 0 [60] 8 [61] 17 [62] 30 [63] 39 [64] 55 [65] 197 [66] 200 [67] 203 [68] 218 [69] 236 [70] 246 [71] 270 [72] 318 [73] 320 [74] 321 [75] 344 [76] 370 [77] 400 [78] 402 [79] 687 [80] 712 [81] 722 [82] 758 [83] 760 [84] 801 [85] 828 [86] 833 [87] 835 [88] 836 [89] 843 [90] 881 [91] 883 [92] 940 [93] 954 [94] 961 
#--------------------------#
# t	t	t  # name
# void	date	date  # type
#--------------------------#
[ 0@0,	1996-03-13,	1996-03-13  ]
[ 1@0,	1996-04-12,	1996-04-12  ]
[ 2@0,	1996-01-29,	1996-01-29  ]
[ 3@0,	1996-04-21,	1996-04-21  ]
[ 4@0,	1996-03-30,	1996-03-30	]
[ 5@0,	1996-01-30,	1996-01-30  ]
[ 6@0,	1997-01-28,	1997-01-28  ]
[ 7@0,	1994-02-02,	1994-02-02  ]
[ 8@0,	1993-11-09,	1993-11-09  ]
[ 9@0,	1994-01-16,	1994-01-16  ]
[ 10@0,	1993-12-04,	1993-12-04  ]
[ 11@0,	1993-12-14,	1993-12-14  ]
[ 12@0,	1993-10-29,	1993-10-29  ]
[ 13@0,	1996-01-10,	1996-01-10  ]
[ 14@0,	1994-10-31,	1994-10-31  ]
[ 15@0,	1994-10-16,	1994-10-16  ]
[ 16@0,	1994-08-08,	1994-08-08  ]
[ 17@0,	1992-04-27,	1992-04-27  ]
[ 18@0,	1996-05-07,	1996-05-07	]
[ 19@0,	1996-02-01,	1996-02-01  ]
[ 20@0,	1996-01-15,	1996-01-15  ]
[ 21@0,	1996-03-21,	1996-03-21  ]
[ 22@0,	1996-02-11,	1996-02-11  ]
[ 23@0,	1996-01-16,	1996-01-16  ]
[ 24@0,	1996-02-10,	1996-02-10  ]
[ 25@0,	1995-10-23,	1995-10-23  ]
[ 26@0,	1995-08-14,	1995-08-14  ]
[ 27@0,	1995-08-07,	1995-08-07	]
[ 28@0,	1995-08-04,	1995-08-04  ]
[ 29@0,	1995-08-28,	1995-08-28  ]
[ 30@0,	1995-07-21,	1995-07-21  ]
[ 31@0,	1993-10-29,	1993-10-29  ]
[ 32@0,	1993-12-09,	1993-12-09  ]
[ 33@0,	1993-12-09,	1993-12-09  ]
[ 34@0,	1993-11-09,	1993-11-09  ]
[ 35@0,	1998-10-23,	1998-10-23  ]
[ 36@0,	1998-10-09,	1998-10-09	]
[ 37@0,	1998-10-30,	1998-10-30  ]
[ 38@0,	1996-02-21,	1996-02-21  ]
[ 39@0,	1996-01-22,	1996-01-22  ]
[ 40@0,	1996-01-19,	1996-01-19  ]
[ 41@0,	1995-11-26,	1995-11-26	]
[ 42@0,	1995-11-08,	1995-11-08  ]
[ 43@0,	1996-02-01,	1996-02-01  ]
[ 44@0,	1996-02-03,	1996-02-03  ]
[ 45@0,	1992-07-21,	1992-07-21  ]
[ 46@0,	1992-07-02,	1992-07-02  ]
[ 47@0,	1992-07-10,	1992-07-10  ]
[ 48@0,	1996-09-29,	1996-09-29  ]
[ 49@0,	1996-11-14,	1996-11-14  ]
[ 50@0,	1996-11-04,	1996-11-04	]
[ 51@0,	1996-09-26,	1996-09-26  ]
[ 52@0,	1996-10-02,	1996-10-02  ]
[ 53@0,	1996-10-17,	1996-10-17  ]
[ 54@0,	1996-12-08,	1996-12-08  ]
[ 55@0,	1994-09-30,	1994-09-30  ]
[ 56@0,	1995-04-20,	1995-04-20  ]
[ 57@0,	1995-07-17,	1995-07-17  ]
[ 58@0,	1995-07-06,	1995-07-06  ]
[ 59@0,	1994-02-19,	1994-02-19	]
[ 60@0,	1994-02-21,	1994-02-21  ]
[ 61@0,	1997-04-17,	1997-04-17  ]
[ 62@0,	1997-01-27,	1997-01-27  ]
[ 63@0,	1997-02-20,	1997-02-20  ]
[ 64@0,	1997-03-18,	1997-03-18  ]
[ 65@0,	1997-04-19,	1997-04-19  ]
[ 66@0,	1997-01-25,	1997-01-25  ]
[ 67@0,	1998-07-04,	1998-07-04  ]
[ 68@0,	1998-06-26,	1998-06-26	]
[ 69@0,	1998-08-13,	1998-08-13  ]
[ 70@0,	1998-06-27,	1998-06-27  ]
[ 71@0,	1998-06-19,	1998-06-19  ]
[ 72@0,	1998-08-11,	1998-08-11  ]
[ 73@0,	1998-06-24,	1998-06-24	]
[ 74@0,	1994-08-17,	1994-08-17  ]
[ 75@0,	1994-08-24,	1994-08-24  ]
[ 76@0,	1994-07-02,	1994-07-02  ]
[ 77@0,	1994-06-06,	1994-06-06  ]
[ 78@0,	1994-07-31,	1994-07-31  ]
[ 79@0,	1994-10-03,	1994-10-03  ]
[ 80@0,	1994-01-12,	1994-01-12  ]
[ 81@0,	1994-03-03,	1994-03-03  ]
[ 82@0,	1994-01-26,	1994-01-26  ]
[ 83@0,	1994-03-17,	1994-03-17  ]
[ 84@0,	1994-02-13,	1994-02-13  ]
[ 85@0,	1994-01-26,	1994-01-26  ]
[ 86@0,	1998-04-10,	1998-04-10  ]
[ 87@0,	1998-05-23,	1998-05-23  ]
[ 88@0,	1998-02-23,	1998-02-23  ]
[ 89@0,	1998-04-12,	1998-04-12  ]
[ 90@0,	1998-01-29,	1998-01-29  ]
[ 91@0,	1998-03-05,	1998-03-05	]
[ 92@0,	1994-07-19,	1994-07-19  ]
[ 93@0,	1994-06-03,	1994-06-03  ]
[ 94@0,	1993-04-01,	1993-04-01  ]
[ 95@0,	1993-04-13,	1993-04-13  ]
[ 96@0,	1993-05-14,	1993-05-14  ]
[ 97@0,	1994-12-24,	1994-12-24  ]
[ 98@0,	1994-12-01,	1994-12-01  ]
[ 99@0,	1994-12-30,	1994-12-30  ]

# 07:42:13 >  
# 07:42:13 >  "Done."
# 07:42:13 >  

