stdout of test 'glob_import` in directory 'sql/test/copy` itself:


# 10:27:34 >  
# 10:27:34 >  "/usr/bin/python3" "glob_import.py" "glob_import"
# 10:27:34 >  

# MonetDB 5 server v11.34.0 (hg id: 46ba7db7f1bd)
# This is an unreleased version
# Serving database 'mTests_sql_test_copy', using 8 threads
# Compiled for x86_64-pc-linux-gnu/64bit with 128bit integers
# Found 15.527 GiB available main-memory.
# Copyright (c) 1993 - July 2008 CWI.
# Copyright (c) August 2008 - 2019 MonetDB B.V., all rights reserved
# Visit https://www.monetdb.org/ for further information
# Listening for connection requests on mapi:monetdb://localhost.localdomain:37762/
# Listening for UNIX domain connection requests on mapi:monetdb:///var/tmp/mtest-20700/.s.monetdb.37762
# MonetDB/GIS module loaded
# SQL catalog created, loading sql scripts once
# loading sql script: 09_like.sql
# loading sql script: 10_math.sql
# loading sql script: 11_times.sql
# loading sql script: 12_url.sql
# loading sql script: 13_date.sql
# loading sql script: 14_inet.sql
# loading sql script: 15_querylog.sql
# loading sql script: 16_tracelog.sql
# loading sql script: 17_temporal.sql
# loading sql script: 18_index.sql
# loading sql script: 20_vacuum.sql
# loading sql script: 21_dependency_views.sql
# loading sql script: 22_clients.sql
# loading sql script: 23_skyserver.sql
# loading sql script: 25_debug.sql
# loading sql script: 26_sysmon.sql
# loading sql script: 27_rejects.sql
# loading sql script: 39_analytics.sql
# loading sql script: 39_analytics_hge.sql
# loading sql script: 40_geom.sql
# loading sql script: 40_json.sql
# loading sql script: 40_json_hge.sql
# loading sql script: 41_md5sum.sql
# loading sql script: 45_uuid.sql
# loading sql script: 46_profiler.sql
# loading sql script: 51_sys_schema_extension.sql
# loading sql script: 60_wlcr.sql
# loading sql script: 72_fits.sql
# loading sql script: 74_netcdf.sql
# loading sql script: 75_lidar.sql
# loading sql script: 75_shp.sql
# loading sql script: 75_storagemodel.sql
# loading sql script: 80_statistics.sql
# loading sql script: 80_udf.sql
# loading sql script: 80_udf_hge.sql
# loading sql script: 85_bam.sql
# loading sql script: 90_generator.sql
# loading sql script: 90_generator_hge.sql
# loading sql script: 99_system.sql
# MonetDB/SQL module loaded
#start transaction;
#create table "ratings" (movie_id BIGINT, customer_id BIGINT, rating TINYINT, rating_date DATE);
#copy into "ratings" from '/home/ferreira/repositories/monetdb-test-data/netflix_data/ratings_sample_0.csv' using delimiters ',','
#';
[ 1000	]
#copy into "ratings" from '/home/ferreira/repositories/monetdb-test-data/netflix_data/ratings_sample_1.csv' using delimiters ',','
#';
[ 1000	]
#copy into "ratings" from '/home/ferreira/repositories/monetdb-test-data/netflix_data/ratings_sample_?.csv' using delimiters ',','
#';
[ 2000	]
#copy into "ratings" from '/home/ferreira/repositories/monetdb-test-data/netflix_data/ratings_sample_*' using delimiters ',','
#';
[ 4000	]
#rollback;

# 10:27:35 >  
# 10:27:35 >  "Done."
# 10:27:35 >  

