stdout of test 'LIMIT_OFFSET_big-endian.Bug-2622` in directory 'sql/test/BugTracker-2010` itself:


# 21:05:24 >  
# 21:05:24 >   mserver5 "--config=/ufs/manegold/_/scratch0/Monet/HG/Jun2010/prefix.--enable-strict_--disable-debug_--enable-optimize_--enable-assert/etc/monetdb5.conf" --debug=10 --set gdk_nr_threads=0 --set "monet_mod_path=/ufs/manegold/_/scratch0/Monet/HG/Jun2010/prefix.--enable-strict_--disable-debug_--enable-optimize_--enable-assert/lib64/MonetDB5:/ufs/manegold/_/scratch0/Monet/HG/Jun2010/prefix.--enable-strict_--disable-debug_--enable-optimize_--enable-assert/lib64/MonetDB5/lib:/ufs/manegold/_/scratch0/Monet/HG/Jun2010/prefix.--enable-strict_--disable-debug_--enable-optimize_--enable-assert/lib64/MonetDB5/bin" --set "gdk_dbfarm=/ufs/manegold/_/scratch0/Monet/HG/Jun2010/prefix.--enable-strict_--disable-debug_--enable-optimize_--enable-assert/var/MonetDB5/dbfarm"  --set mapi_open=true --set xrpc_open=true --set mapi_port=38140 --set xrpc_port=48203 --set monet_prompt= --set mal_listing=2 --trace  "--dbname=mTests_src_test_BugTracker-2010" --set mal_listing=0 ; echo ; echo Over..
# 21:05:24 >  

# MonetDB server v5.20.3, based on kernel v1.38.3
# Serving database 'mTests_src_test_BugTracker-2010', using 4 threads
# Compiled for x86_64-unknown-linux-gnu/64bit with 64bit OIDs dynamically linked
# Found 7.751 GiB available main-memory.
# Copyright (c) 1993-July 2008 CWI.
# Copyright (c) August 2008-2015 MonetDB B.V., all rights reserved
# Visit http://monetdb.cwi.nl/ for further information
# Listening for connection requests on mapi:monetdb://rig.ins.cwi.nl:38140/
# MonetDB/SQL module v2.38.3 loaded
# MonetDB/GIS module v0.18.3 loaded



# 21:05:24 >  
# 21:05:24 >  mclient -lsql -ftest -i -e --host=rig --port=38140 
# 21:05:24 >  

[ 1	]
[ 1	]
[ 1	]
[ 1	]

#PLAN select * from oblo;
% .plan # table_name
% rel # name
% clob # type
% 39 # length
project (
| table(sys.oblo) [ "oblo"."a" ] COUNT 
) [ "oblo"."a" ]
#PLAN select * from oblo OFFSET 2;
% .plan # table_name
% rel # name
% clob # type
% 41 # length
top N (
| project (
| | table(sys.oblo) [ "oblo"."a" ] COUNT 
| ) [ "oblo"."a" ]
) [ bigint "2" ]
#PLAN select * from oblo LIMIT 2;
% .plan # table_name
% rel # name
% clob # type
% 41 # length
top N (
| project (
| | table(sys.oblo) [ "oblo"."a" ] COUNT 
| ) [ "oblo"."a" ]
) [ bigint "2" ]
#PLAN select * from oblo LIMIT 1 OFFSET 2;
% .plan # table_name
% rel # name
% clob # type
% 41 # length
top N (
| project (
| | table(sys.oblo) [ "oblo"."a" ] COUNT 
| ) [ "oblo"."a" ]
) [ bigint "1", bigint "2" ]
#PLAN select * from oblo LIMIT 2 OFFSET 1;
% .plan # table_name
% rel # name
% clob # type
% 41 # length
top N (
| project (
| | table(sys.oblo) [ "oblo"."a" ] COUNT 
| ) [ "oblo"."a" ]
) [ bigint "2", bigint "1" ]
#PLAN select * from oblo ORDER BY a;
% .plan # table_name
% rel # name
% clob # type
% 41 # length
project (
| project (
| | table(sys.oblo) [ "oblo"."a" ] COUNT 
| ) [ "oblo"."a" ]
) [ "oblo"."a" ] [ "oblo"."a" ASC ]
#PLAN select * from oblo ORDER BY a OFFSET 2;
% .plan # table_name
% rel # name
% clob # type
% 43 # length
top N (
| project (
| | project (
| | | table(sys.oblo) [ "oblo"."a" ] COUNT 
| | ) [ "oblo"."a" ]
| ) [ "oblo"."a" ] [ "oblo"."a" ASC ]
) [ bigint "2" ]
#PLAN select * from oblo ORDER BY a LIMIT 2;
% .plan # table_name
% rel # name
% clob # type
% 43 # length
top N (
| project (
| | project (
| | | table(sys.oblo) [ "oblo"."a" ] COUNT 
| | ) [ "oblo"."a" ]
| ) [ "oblo"."a" ] [ "oblo"."a" ASC ]
) [ bigint "2" ]
#PLAN select * from oblo ORDER BY a LIMIT 2 OFFSET 1;
% .plan # table_name
% rel # name
% clob # type
% 43 # length
top N (
| project (
| | project (
| | | table(sys.oblo) [ "oblo"."a" ] COUNT 
| | ) [ "oblo"."a" ]
| ) [ "oblo"."a" ] [ "oblo"."a" ASC ]
) [ bigint "2", bigint "1" ]
#PLAN select * from oblo ORDER BY a LIMIT 1 OFFSET 2;
% .plan # table_name
% rel # name
% clob # type
% 43 # length
top N (
| project (
| | project (
| | | table(sys.oblo) [ "oblo"."a" ] COUNT 
| | ) [ "oblo"."a" ]
| ) [ "oblo"."a" ] [ "oblo"."a" ASC ]
) [ bigint "1", bigint "2" ]
#EXPLAIN select * from oblo;
% .explain # table_name
% mal # name
% clob # type
% 114 # length
function user.main():void;
    X_1:void := querylog.define("explain select * from oblo;":str, "minimal_pipe":str, 20:int);
    X_4:int := sql.mvc();
    C_5:bat[:oid] := sql.tid(X_4:int, "sys":str, "oblo":str, true:bit);
    X_9:bat[:int] := sql.bind(X_4:int, "sys":str, "oblo":str, "a":str, 0:int);
    X_12:bat[:int] := sql.emptybind(X_4:int, "sys":str, "oblo":str, "a":str, 1:int);
    (X_14:bat[:oid], X_15:bat[:int]) := sql.emptybind(X_4:int, "sys":str, "oblo":str, "a":str, 2:int);
    X_17:bat[:int] := sql.delta(X_9:bat[:int], X_14:bat[:oid], X_15:bat[:int], X_12:bat[:int]);
    X_18:bat[:int] := algebra.projection(C_5:bat[:oid], X_17:bat[:int]);
    X_20:bat[:str] := bat.new(nil:str);
    X_22:bat[:str] := bat.new(nil:str);
    X_23:bat[:str] := bat.new(nil:str);
    X_24:bat[:int] := bat.new(nil:int);
    X_26:bat[:int] := bat.new(nil:int);
    X_27:bat[:str] := bat.append(X_20:bat[:str], "sys.oblo":str);
    X_29:bat[:str] := bat.append(X_22:bat[:str], "a":str);
    X_30:bat[:str] := bat.append(X_23:bat[:str], "int":str);
    X_32:bat[:int] := bat.append(X_24:bat[:int], 32:int);
    X_34:bat[:int] := bat.append(X_26:bat[:int], 0:int);
    sql.resultSet(X_27:bat[:str], X_29:bat[:str], X_30:bat[:str], X_32:bat[:int], X_34:bat[:int], X_18:bat[:int]);
end user.main;
#inline               actions= 0 time=0 usec 
#remap                actions= 0 time=1 usec 
#deadcode             actions= 0 time=4 usec 
#multiplex            actions= 0 time=1 usec 
#profiler             actions= 1 time=1 usec 
#candidates           actions= 1 time=0 usec 
#garbagecollector     actions= 1 time=12 usec 
#total                actions= 8 time=41 usec 
#EXPLAIN select * from oblo OFFSET 2;
% .explain # table_name
% mal # name
% clob # type
% 114 # length
function user.main():void;
    X_1:void := querylog.define("explain select * from oblo offset 2;":str, "minimal_pipe":str, 26:int);
    X_4:int := sql.mvc();
    C_5:bat[:oid] := sql.tid(X_4:int, "sys":str, "oblo":str, true:bit);
    X_9:bat[:int] := sql.bind(X_4:int, "sys":str, "oblo":str, "a":str, 0:int);
    X_12:bat[:int] := sql.emptybind(X_4:int, "sys":str, "oblo":str, "a":str, 1:int);
    (X_14:bat[:oid], X_15:bat[:int]) := sql.emptybind(X_4:int, "sys":str, "oblo":str, "a":str, 2:int);
    X_17:bat[:int] := sql.delta(X_9:bat[:int], X_14:bat[:oid], X_15:bat[:int], X_12:bat[:int]);
    X_18:bat[:int] := algebra.projection(C_5:bat[:oid], X_17:bat[:int]);
    X_19:lng := calc.lng(2:lng);
    X_21:lng := calc.lng(nil:lng);
    X_23:lng := calc.+(X_19:lng, X_21:lng);
    X_24:lng := calc.-(X_23:lng, 1:int);
    C_25:bat[:oid] := algebra.subslice(X_18:bat[:int], X_19:lng, X_24:lng);
    X_26:bat[:int] := algebra.projection(C_25:bat[:oid], X_18:bat[:int]);
    X_28:bat[:str] := bat.new(nil:str);
    X_30:bat[:str] := bat.new(nil:str);
    X_31:bat[:str] := bat.new(nil:str);
    X_32:bat[:int] := bat.new(nil:int);
    X_34:bat[:int] := bat.new(nil:int);
    X_35:bat[:str] := bat.append(X_28:bat[:str], "sys.oblo":str);
    X_37:bat[:str] := bat.append(X_30:bat[:str], "a":str);
    X_38:bat[:str] := bat.append(X_31:bat[:str], "int":str);
    X_40:bat[:int] := bat.append(X_32:bat[:int], 32:int);
    X_42:bat[:int] := bat.append(X_34:bat[:int], 0:int);
    sql.resultSet(X_35:bat[:str], X_37:bat[:str], X_38:bat[:str], X_40:bat[:int], X_42:bat[:int], X_26:bat[:int]);
end user.main;
#inline               actions= 0 time=1 usec 
#remap                actions= 0 time=1 usec 
#deadcode             actions= 0 time=5 usec 
#multiplex            actions= 0 time=1 usec 
#profiler             actions= 1 time=1 usec 
#candidates           actions= 1 time=0 usec 
#garbagecollector     actions= 1 time=24 usec 
#total                actions= 8 time=68 usec 
#EXPLAIN select * from oblo LIMIT 2;
% .explain # table_name
% mal # name
% clob # type
% 114 # length
function user.main():void;
    X_1:void := querylog.define("explain select * from oblo limit 2;":str, "minimal_pipe":str, 27:int);
    X_4:int := sql.mvc();
    C_7:bat[:oid] := sql.tid(X_4:int, "sys":str, "oblo":str, true:bit);
    X_11:bat[:int] := sql.bind(X_4:int, "sys":str, "oblo":str, "a":str, 0:int);
    X_14:bat[:int] := sql.emptybind(X_4:int, "sys":str, "oblo":str, "a":str, 1:int);
    (X_16:bat[:oid], X_17:bat[:int]) := sql.emptybind(X_4:int, "sys":str, "oblo":str, "a":str, 2:int);
    X_19:bat[:int] := sql.delta(X_11:bat[:int], X_16:bat[:oid], X_17:bat[:int], X_14:bat[:int]);
    X_20:bat[:int] := algebra.projection(C_7:bat[:oid], X_19:bat[:int]);
    X_21:lng := calc.lng(2:lng);
    X_22:lng := calc.lng(0:lng);
    X_24:lng := calc.+(X_22:lng, X_21:lng);
    X_25:lng := calc.-(X_24:lng, 1:int);
    C_26:bat[:oid] := algebra.subslice(X_20:bat[:int], X_22:lng, X_25:lng);
    X_27:bat[:int] := algebra.projection(C_26:bat[:oid], X_20:bat[:int]);
    X_29:bat[:str] := bat.new(nil:str);
    X_31:bat[:str] := bat.new(nil:str);
    X_32:bat[:str] := bat.new(nil:str);
    X_33:bat[:int] := bat.new(nil:int);
    X_35:bat[:int] := bat.new(nil:int);
    X_36:bat[:str] := bat.append(X_29:bat[:str], "sys.oblo":str);
    X_38:bat[:str] := bat.append(X_31:bat[:str], "a":str);
    X_39:bat[:str] := bat.append(X_32:bat[:str], "int":str);
    X_41:bat[:int] := bat.append(X_33:bat[:int], 32:int);
    X_43:bat[:int] := bat.append(X_35:bat[:int], 0:int);
    sql.resultSet(X_36:bat[:str], X_38:bat[:str], X_39:bat[:str], X_41:bat[:int], X_43:bat[:int], X_27:bat[:int]);
end user.main;
#inline               actions= 0 time=0 usec 
#remap                actions= 0 time=0 usec 
#deadcode             actions= 1 time=5 usec 
#multiplex            actions= 0 time=1 usec 
#profiler             actions= 1 time=1 usec 
#candidates           actions= 1 time=1 usec 
#garbagecollector     actions= 1 time=16 usec 
#total                actions= 8 time=58 usec 
#EXPLAIN select * from oblo LIMIT 1 OFFSET 2;
% .explain # table_name
% mal # name
% clob # type
% 114 # length
function user.main():void;
    X_1:void := querylog.define("explain select * from oblo limit 1 offset 2;":str, "minimal_pipe":str, 29:int);
    X_4:int := sql.mvc();
    C_10:bat[:oid] := sql.tid(X_4:int, "sys":str, "oblo":str, true:bit);
    X_14:bat[:int] := sql.bind(X_4:int, "sys":str, "oblo":str, "a":str, 0:int);
    X_17:bat[:int] := sql.emptybind(X_4:int, "sys":str, "oblo":str, "a":str, 1:int);
    (X_19:bat[:oid], X_20:bat[:int]) := sql.emptybind(X_4:int, "sys":str, "oblo":str, "a":str, 2:int);
    X_22:bat[:int] := sql.delta(X_14:bat[:int], X_19:bat[:oid], X_20:bat[:int], X_17:bat[:int]);
    X_23:bat[:int] := algebra.projection(C_10:bat[:oid], X_22:bat[:int]);
    X_24:lng := calc.lng(1:lng);
    X_25:lng := calc.lng(2:lng);
    X_26:lng := calc.+(X_25:lng, X_24:lng);
    X_27:lng := calc.-(X_26:lng, 1:int);
    C_28:bat[:oid] := algebra.subslice(X_23:bat[:int], X_25:lng, X_27:lng);
    X_29:bat[:int] := algebra.projection(C_28:bat[:oid], X_23:bat[:int]);
    X_31:bat[:str] := bat.new(nil:str);
    X_33:bat[:str] := bat.new(nil:str);
    X_34:bat[:str] := bat.new(nil:str);
    X_35:bat[:int] := bat.new(nil:int);
    X_37:bat[:int] := bat.new(nil:int);
    X_38:bat[:str] := bat.append(X_31:bat[:str], "sys.oblo":str);
    X_40:bat[:str] := bat.append(X_33:bat[:str], "a":str);
    X_41:bat[:str] := bat.append(X_34:bat[:str], "int":str);
    X_43:bat[:int] := bat.append(X_35:bat[:int], 32:int);
    X_45:bat[:int] := bat.append(X_37:bat[:int], 0:int);
    sql.resultSet(X_38:bat[:str], X_40:bat[:str], X_41:bat[:str], X_43:bat[:int], X_45:bat[:int], X_29:bat[:int]);
end user.main;
#inline               actions= 0 time=0 usec 
#remap                actions= 0 time=1 usec 
#deadcode             actions= 3 time=5 usec 
#multiplex            actions= 0 time=1 usec 
#profiler             actions= 1 time=1 usec 
#candidates           actions= 1 time=1 usec 
#garbagecollector     actions= 1 time=26 usec 
#total                actions= 8 time=66 usec 
#EXPLAIN select * from oblo LIMIT 2 OFFSET 1;
% .explain # table_name
% mal # name
% clob # type
% 114 # length
function user.main():void;
    X_1:void := querylog.define("explain select * from oblo limit 2 offset 1;":str, "minimal_pipe":str, 29:int);
    X_4:int := sql.mvc();
    C_10:bat[:oid] := sql.tid(X_4:int, "sys":str, "oblo":str, true:bit);
    X_14:bat[:int] := sql.bind(X_4:int, "sys":str, "oblo":str, "a":str, 0:int);
    X_17:bat[:int] := sql.emptybind(X_4:int, "sys":str, "oblo":str, "a":str, 1:int);
    (X_19:bat[:oid], X_20:bat[:int]) := sql.emptybind(X_4:int, "sys":str, "oblo":str, "a":str, 2:int);
    X_22:bat[:int] := sql.delta(X_14:bat[:int], X_19:bat[:oid], X_20:bat[:int], X_17:bat[:int]);
    X_23:bat[:int] := algebra.projection(C_10:bat[:oid], X_22:bat[:int]);
    X_24:lng := calc.lng(2:lng);
    X_25:lng := calc.lng(1:lng);
    X_26:lng := calc.+(X_25:lng, X_24:lng);
    X_27:lng := calc.-(X_26:lng, 1:int);
    C_28:bat[:oid] := algebra.subslice(X_23:bat[:int], X_25:lng, X_27:lng);
    X_29:bat[:int] := algebra.projection(C_28:bat[:oid], X_23:bat[:int]);
    X_31:bat[:str] := bat.new(nil:str);
    X_33:bat[:str] := bat.new(nil:str);
    X_34:bat[:str] := bat.new(nil:str);
    X_35:bat[:int] := bat.new(nil:int);
    X_37:bat[:int] := bat.new(nil:int);
    X_38:bat[:str] := bat.append(X_31:bat[:str], "sys.oblo":str);
    X_40:bat[:str] := bat.append(X_33:bat[:str], "a":str);
    X_41:bat[:str] := bat.append(X_34:bat[:str], "int":str);
    X_43:bat[:int] := bat.append(X_35:bat[:int], 32:int);
    X_45:bat[:int] := bat.append(X_37:bat[:int], 0:int);
    sql.resultSet(X_38:bat[:str], X_40:bat[:str], X_41:bat[:str], X_43:bat[:int], X_45:bat[:int], X_29:bat[:int]);
end user.main;
#inline               actions= 0 time=0 usec 
#remap                actions= 0 time=1 usec 
#deadcode             actions= 3 time=5 usec 
#multiplex            actions= 0 time=1 usec 
#profiler             actions= 1 time=1 usec 
#candidates           actions= 1 time=0 usec 
#garbagecollector     actions= 1 time=20 usec 
#total                actions= 8 time=61 usec 
#EXPLAIN select * from oblo ORDER BY a;
% .explain # table_name
% mal # name
% clob # type
% 118 # length
function user.main():void;
    X_1:void := querylog.define("explain select * from oblo order by a;":str, "minimal_pipe":str, 22:int);
    X_4:int := sql.mvc();
    C_5:bat[:oid] := sql.tid(X_4:int, "sys":str, "oblo":str, true:bit);
    X_9:bat[:int] := sql.bind(X_4:int, "sys":str, "oblo":str, "a":str, 0:int);
    X_12:bat[:int] := sql.emptybind(X_4:int, "sys":str, "oblo":str, "a":str, 1:int);
    (X_14:bat[:oid], X_15:bat[:int]) := sql.emptybind(X_4:int, "sys":str, "oblo":str, "a":str, 2:int);
    X_17:bat[:int] := sql.delta(X_9:bat[:int], X_14:bat[:oid], X_15:bat[:int], X_12:bat[:int]);
    X_18:bat[:int] := algebra.projection(C_5:bat[:oid], X_17:bat[:int]);
    (X_19:bat[:int], X_20:bat[:oid], X_21:bat[:oid]) := algebra.sort(X_18:bat[:int], false:bit, false:bit, false:bit);
    X_24:bat[:int] := algebra.projection(X_20:bat[:oid], X_18:bat[:int]);
    X_26:bat[:str] := bat.new(nil:str);
    X_28:bat[:str] := bat.new(nil:str);
    X_29:bat[:str] := bat.new(nil:str);
    X_30:bat[:int] := bat.new(nil:int);
    X_32:bat[:int] := bat.new(nil:int);
    X_33:bat[:str] := bat.append(X_26:bat[:str], "sys.oblo":str);
    X_35:bat[:str] := bat.append(X_28:bat[:str], "a":str);
    X_36:bat[:str] := bat.append(X_29:bat[:str], "int":str);
    X_38:bat[:int] := bat.append(X_30:bat[:int], 32:int);
    X_40:bat[:int] := bat.append(X_32:bat[:int], 0:int);
    sql.resultSet(X_33:bat[:str], X_35:bat[:str], X_36:bat[:str], X_38:bat[:int], X_40:bat[:int], X_24:bat[:int]);
end user.main;
#inline               actions= 0 time=0 usec 
#remap                actions= 0 time=1 usec 
#deadcode             actions= 0 time=5 usec 
#multiplex            actions= 0 time=0 usec 
#profiler             actions= 1 time=1 usec 
#candidates           actions= 1 time=1 usec 
#garbagecollector     actions= 1 time=13 usec 
#total                actions= 8 time=47 usec 
#EXPLAIN select * from oblo ORDER BY a OFFSET 2;
% .explain # table_name
% mal # name
% clob # type
% 118 # length
function user.main():void;
    X_1:void := querylog.define("explain select * from oblo order by a offset 2;":str, "minimal_pipe":str, 28:int);
    X_4:int := sql.mvc();
    C_5:bat[:oid] := sql.tid(X_4:int, "sys":str, "oblo":str, true:bit);
    X_9:bat[:int] := sql.bind(X_4:int, "sys":str, "oblo":str, "a":str, 0:int);
    X_12:bat[:int] := sql.emptybind(X_4:int, "sys":str, "oblo":str, "a":str, 1:int);
    (X_14:bat[:oid], X_15:bat[:int]) := sql.emptybind(X_4:int, "sys":str, "oblo":str, "a":str, 2:int);
    X_17:bat[:int] := sql.delta(X_9:bat[:int], X_14:bat[:oid], X_15:bat[:int], X_12:bat[:int]);
    X_18:bat[:int] := algebra.projection(C_5:bat[:oid], X_17:bat[:int]);
    (X_19:bat[:int], X_20:bat[:oid], X_21:bat[:oid]) := algebra.sort(X_18:bat[:int], false:bit, false:bit, false:bit);
    X_24:bat[:int] := algebra.projection(X_20:bat[:oid], X_18:bat[:int]);
    X_25:lng := calc.lng(2:lng);
    X_27:lng := calc.lng(nil:lng);
    X_29:lng := calc.+(X_25:lng, X_27:lng);
    X_30:lng := calc.-(X_29:lng, 1:int);
    C_31:bat[:oid] := algebra.subslice(X_24:bat[:int], X_25:lng, X_30:lng);
    X_32:bat[:int] := algebra.projection(C_31:bat[:oid], X_24:bat[:int]);
    X_34:bat[:str] := bat.new(nil:str);
    X_36:bat[:str] := bat.new(nil:str);
    X_37:bat[:str] := bat.new(nil:str);
    X_38:bat[:int] := bat.new(nil:int);
    X_40:bat[:int] := bat.new(nil:int);
    X_41:bat[:str] := bat.append(X_34:bat[:str], "sys.oblo":str);
    X_43:bat[:str] := bat.append(X_36:bat[:str], "a":str);
    X_45:bat[:str] := bat.append(X_37:bat[:str], "int":str);
    X_47:bat[:int] := bat.append(X_38:bat[:int], 32:int);
    X_49:bat[:int] := bat.append(X_40:bat[:int], 0:int);
    sql.resultSet(X_41:bat[:str], X_43:bat[:str], X_45:bat[:str], X_47:bat[:int], X_49:bat[:int], X_32:bat[:int]);
end user.main;
#inline               actions= 0 time=0 usec 
#remap                actions= 0 time=1 usec 
#deadcode             actions= 0 time=5 usec 
#multiplex            actions= 0 time=1 usec 
#profiler             actions= 1 time=0 usec 
#candidates           actions= 1 time=0 usec 
#garbagecollector     actions= 1 time=17 usec 
#total                actions= 8 time=54 usec 
#EXPLAIN select * from oblo ORDER BY a LIMIT 2;
% .explain # table_name
% mal # name
% clob # type
% 118 # length
function user.main():void;
    X_1:void := querylog.define("explain select * from oblo order by a limit 2;":str, "minimal_pipe":str, 34:int);
    X_4:int := sql.mvc();
    X_5:lng := calc.lng(2:lng);
    C_7:bat[:oid] := sql.tid(X_4:int, "sys":str, "oblo":str, true:bit);
    X_11:bat[:int] := sql.bind(X_4:int, "sys":str, "oblo":str, "a":str, 0:int);
    X_14:bat[:int] := sql.emptybind(X_4:int, "sys":str, "oblo":str, "a":str, 1:int);
    (X_16:bat[:oid], X_17:bat[:int]) := sql.emptybind(X_4:int, "sys":str, "oblo":str, "a":str, 2:int);
    X_19:bat[:int] := sql.delta(X_11:bat[:int], X_16:bat[:oid], X_17:bat[:int], X_14:bat[:int]);
    X_20:bat[:int] := algebra.projection(C_7:bat[:oid], X_19:bat[:int]);
    X_21:lng := calc.lng(0:lng);
    X_23:lng := calc.+(X_21:lng, X_5:lng);
    C_24:bat[:oid] := algebra.firstn(X_20:bat[:int], X_23:lng, true:bit, false:bit, false:bit);
    X_27:bat[:int] := algebra.projection(C_24:bat[:oid], X_20:bat[:int]);
    (X_29:bat[:int], X_30:bat[:oid], X_31:bat[:oid]) := algebra.sort(X_27:bat[:int], false:bit, false:bit, false:bit);
    X_32:bat[:int] := algebra.projection(X_30:bat[:oid], X_27:bat[:int]);
    X_33:lng := calc.lng(2:lng);
    X_34:lng := calc.lng(0:lng);
    X_35:lng := calc.+(X_34:lng, X_33:lng);
    X_36:lng := calc.-(X_35:lng, 1:int);
    C_37:bat[:oid] := algebra.subslice(X_32:bat[:int], X_34:lng, X_36:lng);
    X_38:bat[:int] := algebra.projection(C_37:bat[:oid], X_32:bat[:int]);
    X_40:bat[:str] := bat.new(nil:str);
    X_42:bat[:str] := bat.new(nil:str);
    X_43:bat[:str] := bat.new(nil:str);
    X_44:bat[:int] := bat.new(nil:int);
    X_46:bat[:int] := bat.new(nil:int);
    X_47:bat[:str] := bat.append(X_40:bat[:str], "sys.oblo":str);
    X_49:bat[:str] := bat.append(X_42:bat[:str], "a":str);
    X_51:bat[:str] := bat.append(X_43:bat[:str], "int":str);
    X_53:bat[:int] := bat.append(X_44:bat[:int], 32:int);
    X_55:bat[:int] := bat.append(X_46:bat[:int], 0:int);
    sql.resultSet(X_47:bat[:str], X_49:bat[:str], X_51:bat[:str], X_53:bat[:int], X_55:bat[:int], X_38:bat[:int]);
end user.main;
#inline               actions= 0 time=1 usec 
#remap                actions= 0 time=3 usec 
#deadcode             actions= 1 time=5 usec 
#multiplex            actions= 0 time=1 usec 
#profiler             actions= 1 time=1 usec 
#candidates           actions= 1 time=0 usec 
#garbagecollector     actions= 1 time=8 usec 
#EXPLAIN select * from oblo ORDER BY a LIMIT 2 OFFSET 1;
% .explain # table_name
% mal # name
% clob # type
% 123 # length
function user.main():void;
    X_1:void := querylog.define("explain select * from oblo order by a limit 2 offset 1;":str, "minimal_pipe":str, 36:int);
    X_4:int := sql.mvc();
    X_5:lng := calc.lng(2:lng);
    X_7:lng := calc.lng(1:lng);
    X_9:lng := calc.+(X_5:lng, X_7:lng);
    C_10:bat[:oid] := sql.tid(X_4:int, "sys":str, "oblo":str, true:bit);
    X_14:bat[:int] := sql.bind(X_4:int, "sys":str, "oblo":str, "a":str, 0:int);
    X_17:bat[:int] := sql.emptybind(X_4:int, "sys":str, "oblo":str, "a":str, 1:int);
    (X_19:bat[:oid], X_20:bat[:int]) := sql.emptybind(X_4:int, "sys":str, "oblo":str, "a":str, 2:int);
    X_22:bat[:int] := sql.delta(X_14:bat[:int], X_19:bat[:oid], X_20:bat[:int], X_17:bat[:int]);
    X_23:bat[:int] := algebra.projection(C_10:bat[:oid], X_22:bat[:int]);
    X_24:lng := calc.lng(0:lng);
    X_26:lng := calc.+(X_24:lng, X_9:lng);
    C_27:bat[:oid] := algebra.firstn(X_23:bat[:int], X_26:lng, true:bit, false:bit, false:bit);
    X_30:bat[:int] := algebra.projection(C_27:bat[:oid], X_23:bat[:int]);
    (X_32:bat[:int], X_33:bat[:oid], X_34:bat[:oid]) := algebra.sort(X_30:bat[:int], false:bit, false:bit, false:bit);
    X_35:bat[:int] := algebra.projection(X_33:bat[:oid], X_30:bat[:int]);
    X_36:lng := calc.lng(2:lng);
    X_37:lng := calc.lng(1:lng);
    X_38:lng := calc.+(X_37:lng, X_36:lng);
    X_39:lng := calc.-(X_38:lng, 1:int);
    C_40:bat[:oid] := algebra.subslice(X_35:bat[:int], X_37:lng, X_39:lng);
    X_41:bat[:int] := algebra.projection(C_40:bat[:oid], X_35:bat[:int]);
    X_43:bat[:str] := bat.new(nil:str);
    X_45:bat[:str] := bat.new(nil:str);
    X_46:bat[:str] := bat.new(nil:str);
    X_47:bat[:int] := bat.new(nil:int);
    X_49:bat[:int] := bat.new(nil:int);
    X_50:bat[:str] := bat.append(X_43:bat[:str], "sys.oblo":str);
    X_52:bat[:str] := bat.append(X_45:bat[:str], "a":str);
    X_54:bat[:str] := bat.append(X_46:bat[:str], "int":str);
    X_56:bat[:int] := bat.append(X_47:bat[:int], 32:int);
    X_58:bat[:int] := bat.append(X_49:bat[:int], 0:int);
    sql.resultSet(X_50:bat[:str], X_52:bat[:str], X_54:bat[:str], X_56:bat[:int], X_58:bat[:int], X_41:bat[:int]);
end user.main;
#inline               actions= 0 time=0 usec 
#remap                actions= 0 time=1 usec 
#deadcode             actions= 1 time=6 usec 
#multiplex            actions= 0 time=1 usec 
#profiler             actions= 1 time=1 usec 
#candidates           actions= 1 time=1 usec 
#garbagecollector     actions= 1 time=21 usec 
#total                actions= 8 time=68 usec 
#EXPLAIN select * from oblo ORDER BY a LIMIT 1 OFFSET 2;
% .explain # table_name
% mal # name
% clob # type
% 123 # length
function user.main():void;
    X_1:void := querylog.define("explain select * from oblo order by a limit 1 offset 2;":str, "minimal_pipe":str, 36:int);
    X_4:int := sql.mvc();
    X_5:lng := calc.lng(1:lng);
    X_7:lng := calc.lng(2:lng);
    X_9:lng := calc.+(X_5:lng, X_7:lng);
    C_10:bat[:oid] := sql.tid(X_4:int, "sys":str, "oblo":str, true:bit);
    X_14:bat[:int] := sql.bind(X_4:int, "sys":str, "oblo":str, "a":str, 0:int);
    X_17:bat[:int] := sql.emptybind(X_4:int, "sys":str, "oblo":str, "a":str, 1:int);
    (X_19:bat[:oid], X_20:bat[:int]) := sql.emptybind(X_4:int, "sys":str, "oblo":str, "a":str, 2:int);
    X_22:bat[:int] := sql.delta(X_14:bat[:int], X_19:bat[:oid], X_20:bat[:int], X_17:bat[:int]);
    X_23:bat[:int] := algebra.projection(C_10:bat[:oid], X_22:bat[:int]);
    X_24:lng := calc.lng(0:lng);
    X_26:lng := calc.+(X_24:lng, X_9:lng);
    C_27:bat[:oid] := algebra.firstn(X_23:bat[:int], X_26:lng, true:bit, false:bit, false:bit);
    X_30:bat[:int] := algebra.projection(C_27:bat[:oid], X_23:bat[:int]);
    (X_32:bat[:int], X_33:bat[:oid], X_34:bat[:oid]) := algebra.sort(X_30:bat[:int], false:bit, false:bit, false:bit);
    X_35:bat[:int] := algebra.projection(X_33:bat[:oid], X_30:bat[:int]);
    X_36:lng := calc.lng(1:lng);
    X_37:lng := calc.lng(2:lng);
    X_38:lng := calc.+(X_37:lng, X_36:lng);
    X_39:lng := calc.-(X_38:lng, 1:int);
    C_40:bat[:oid] := algebra.subslice(X_35:bat[:int], X_37:lng, X_39:lng);
    X_41:bat[:int] := algebra.projection(C_40:bat[:oid], X_35:bat[:int]);
    X_43:bat[:str] := bat.new(nil:str);
    X_45:bat[:str] := bat.new(nil:str);
    X_46:bat[:str] := bat.new(nil:str);
    X_47:bat[:int] := bat.new(nil:int);
    X_49:bat[:int] := bat.new(nil:int);
    X_50:bat[:str] := bat.append(X_43:bat[:str], "sys.oblo":str);
    X_52:bat[:str] := bat.append(X_45:bat[:str], "a":str);
    X_54:bat[:str] := bat.append(X_46:bat[:str], "int":str);
    X_56:bat[:int] := bat.append(X_47:bat[:int], 32:int);
    X_58:bat[:int] := bat.append(X_49:bat[:int], 0:int);
    sql.resultSet(X_50:bat[:str], X_52:bat[:str], X_54:bat[:str], X_56:bat[:int], X_58:bat[:int], X_41:bat[:int]);
end user.main;
#inline               actions= 0 time=0 usec 
#remap                actions= 0 time=1 usec 
#deadcode             actions= 1 time=6 usec 
#multiplex            actions= 0 time=1 usec 
#profiler             actions= 1 time=1 usec 
#candidates           actions= 1 time=1 usec 
#garbagecollector     actions= 1 time=21 usec 
#total                actions= 8 time=67 usec 
#select * from oblo;
% sys.oblo # table_name
% a # name
% int # type
% 1 # length
[ 4	]
[ 3	]
[ 2	]
[ 1	]
#select * from oblo OFFSET 2;
% sys.oblo # table_name
% a # name
% int # type
% 1 # length
[ 2	]
[ 1	]
#select * from oblo LIMIT 2;
% sys.oblo # table_name
% a # name
% int # type
% 1 # length
[ 4	]
[ 3	]
#select * from oblo LIMIT 1 OFFSET 2;
% sys.oblo # table_name
% a # name
% int # type
% 1 # length
[ 2	]
#select * from oblo LIMIT 2 OFFSET 1;
% sys.oblo # table_name
% a # name
% int # type
% 1 # length
[ 3	]
[ 2	]
#select * from oblo ORDER BY a;
% sys.oblo # table_name
% a # name
% int # type
% 1 # length
[ 1	]
[ 2	]
[ 3	]
[ 4	]
#select * from oblo ORDER BY a OFFSET 2;
% sys.oblo # table_name
% a # name
% int # type
% 1 # length
[ 3	]
[ 4	]
#select * from oblo ORDER BY a LIMIT 2;
% sys.oblo # table_name
% a # name
% int # type
% 1 # length
[ 1	]
[ 2	]
#select * from oblo ORDER BY a LIMIT 2 OFFSET 1;
% sys.oblo # table_name
% a # name
% int # type
% 1 # length
[ 2	]
[ 3	]
#select * from oblo ORDER BY a LIMIT 1 OFFSET 2;
% sys.oblo # table_name
% a # name
% int # type
% 1 # length
[ 3	]

# 21:05:24 >  
# 21:05:24 >  Done.
# 21:05:24 >  

