stdout of test 'partition03` in directory 'monetdb5/modules/mal` itself:


# 10:10:28 >  
# 10:10:28 >  "mserver5" "--debug=10" "--set" "gdk_nr_threads=0" "--set" "mapi_open=true" "--set" "mapi_port=39228" "--set" "mapi_usock=/var/tmp/mtest-23193/.s.monetdb.39228" "--set" "monet_prompt=" "--forcemito" "--dbpath=/export/scratch1/home/mk/partition//Linux/var/MonetDB/mTests_monetdb5_modules_mal"
# 10:10:28 >  

# MonetDB 5 server v11.28.0
# This is an unreleased version
# Serving database 'mTests_monetdb5_modules_mal', using 8 threads
# Compiled for x86_64-unknown-linux-gnu/64bit with 128bit integers
# Found 15.581 GiB available main-memory.
# Copyright (c) 1993-July 2008 CWI.
# Copyright (c) August 2008-2017 MonetDB B.V., all rights reserved
# Visit https://www.monetdb.org/ for further information
# Listening for connection requests on mapi:monetdb://rocks073.scilens.private:39228/
# Listening for UNIX domain connection requests on mapi:monetdb:///var/tmp/mtest-23193/.s.monetdb.39228
# MonetDB/GIS module loaded
# MonetDB/SQL module loaded

Ready.

# 10:10:28 >  
# 10:10:28 >  "mclient" "-lmal" "-ftest" "-tnone" "-Eutf-8" "--host=/var/tmp/mtest-23193" "--port=39228"
# 10:10:28 >  

#--------------------------#
# t	t	t  # name
# void	int	int  # type
#--------------------------#
[ 0@0,	0,	0	]
[ 1@0,	1,	1	]
[ 2@0,	2,	1	]
[ 3@0,	3,	2	]
[ 4@0,	4,	2	]
[ 5@0,	5,	3	]
[ 6@0,	6,	3	]
[ 7@0,	7,	4	]
[ 8@0,	8,	4	]
[ 9@0,	9,	5	]
#--------------------------#
# h	t  # name
# void	oid  # type
#--------------------------#
[ 0@0,	0@0	]
[ 1@0,	1@0	]
[ 2@0,	1@0	]
[ 3@0,	2@0	]
[ 4@0,	2@0	]
[ 5@0,	3@0	]
[ 6@0,	3@0	]
[ 7@0,	4@0	]
[ 8@0,	4@0	]
[ 9@0,	5@0	]
#--------------------------#
# t	t	t  # name
# void	oid	lng  # type
#--------------------------#
[ 0@0,	0@0,	1	]
[ 1@0,	1@0,	2	]
[ 2@0,	3@0,	2	]
[ 3@0,	5@0,	2	]
[ 4@0,	7@0,	2	]
[ 5@0,	9@0,	1	]
#--------------------------#
# h	t  # name
# void	int  # type
#--------------------------#
[ 0@0,	0	]
[ 1@0,	1	]
[ 2@0,	2	]
[ 3@0,	3	]
[ 4@0,	4	]
[ 5@0,	5	]
#--------------------------#
# t	t	t  # name
# void	int	lng  # type
#--------------------------#
[ 0@0,	0,	1	]
[ 1@0,	1,	2	]
[ 2@0,	2,	2	]
[ 3@0,	3,	2	]
[ 4@0,	4,	2	]
[ 5@0,	5,	1	]
#--------------------------#
# t	t	t  # name
# void	int	lng  # type
#--------------------------#
[ 0@0,	0,	1	]
[ 1@0,	4,	2	]
[ 2@0,	1,	2	]
[ 3@0,	5,	1	]
[ 4@0,	2,	2	]
[ 5@0,	3,	2	]

# 10:10:28 >  
# 10:10:28 >  "Done."
# 10:10:28 >  

