stdout of test 'mix` in directory 'sql/test/mosaic` itself:


# 21:39:24 >  
# 21:39:24 >  "mserver5" "--debug=10" "--set" "gdk_nr_threads=0" "--set" "mapi_open=true" "--set" "mapi_port=35648" "--set" "mapi_usock=/var/tmp/mtest-2828/.s.monetdb.35648" "--set" "monet_prompt=" "--forcemito" "--dbpath=/export/scratch1/mk/mosaic//Linux/var/MonetDB/mTests_sql_test_mosaic"
# 21:39:24 >  

# MonetDB 5 server v11.24.0
# This is an unreleased version
# Serving database 'mTests_sql_test_mosaic', using 8 threads
# Compiled for x86_64-unknown-linux-gnu/64bit with 128bit integers
# Found 15.589 GiB available main-memory.
# Copyright (c) 1993-July 2008 CWI.
# Copyright (c) August 2008-2016 MonetDB B.V., all rights reserved
# Visit http://www.monetdb.org/ for further information
# Listening for connection requests on mapi:monetdb://vienna.da.cwi.nl:35648/
# Listening for UNIX domain connection requests on mapi:monetdb:///var/tmp/mtest-2828/.s.monetdb.35648
# MonetDB/GIS module loaded
# MonetDB/SQL module loaded

Ready.

# 21:39:24 >  
# 21:39:24 >  "mclient" "-lsql" "-ftest" "-Eutf-8" "-i" "-e" "--host=/var/tmp/mtest-2828" "--port=35648"
# 21:39:24 >  

#create table mix0(i integer);
#declare o integer;
#set o = 19531025;
#insert into mix0 values
#(0), (1), (2), (3), (5), (7), (70), (188), (190), (192), (9999),
#(50), (49), (50), (50), (48), (1003), (1002), (1001), (1000), (95), (99), (96),
#(98), (97), (94), (90), (93), (91), (92), (1140), (1130), (1120), (1110),
#(1100), (1250), (1260), (1270), (1280), (1290), (o), (o), (o), (o), (o),
#(o), (o), (o), (o), (o), (o), (o), (o), (o), (o), (o),
#(o), (o), (o), (o), (9), (9), (9), (9), (9), (9), (9),
#(9), (9), (9), (9), (9), (9), (9), (9), (9), (9), (9),
#(9), (9), (9), (9), (9), (9), (9), (9), (9), (9), (9),
[ 90	]
#select * from mix0;
% sys.mix0 # table_name
% i # name
% int # type
% 8 # length
[ 0	]
[ 1	]
[ 2	]
[ 3	]
[ 5	]
[ 7	]
[ 70	]
[ 188	]
[ 190	]
[ 192	]
[ 9999	]
[ 50	]
[ 49	]
[ 50	]
[ 50	]
[ 48	]
[ 1003	]
[ 1002	]
[ 1001	]
[ 1000	]
[ 95	]
[ 99	]
[ 96	]
[ 98	]
[ 97	]
[ 94	]
[ 90	]
[ 93	]
[ 91	]
[ 92	]
[ 1140	]
[ 1130	]
[ 1120	]
[ 1110	]
[ 1100	]
[ 1250	]
[ 1260	]
[ 1270	]
[ 1280	]
[ 1290	]
[ 19531025	]
[ 19531025	]
[ 19531025	]
[ 19531025	]
[ 19531025	]
[ 19531025	]
[ 19531025	]
[ 19531025	]
[ 19531025	]
[ 19531025	]
[ 19531025	]
[ 19531025	]
[ 19531025	]
[ 19531025	]
[ 19531025	]
[ 19531025	]
[ 19531025	]
[ 19531025	]
[ 19531025	]
[ 19531025	]
[ 9	]
[ 9	]
[ 9	]
[ 9	]
[ 9	]
[ 9	]
[ 9	]
[ 9	]
[ 9	]
[ 9	]
[ 9	]
[ 9	]
[ 9	]
[ 9	]
[ 9	]
[ 9	]
[ 9	]
[ 9	]
[ 9	]
[ 9	]
[ 9	]
[ 9	]
[ 9	]
[ 9	]
[ 9	]
[ 9	]
[ 9	]
[ 9	]
[ 9	]
[ 9	]
#alter table mix0 set read only;
#alter table mix0 alter column i set storage 'mosaic';
#select * from mosaic.layout('sys','mix0','i') ;
% .L4,	.L4,	.L4,	.L4,	.L4 # table_name
% technique,	count,	inputsize,	outputsize,	properties # name
% clob,	bigint,	bigint,	bigint,	clob # type
% 17,	2,	3,	2,	9 # length
[ "ratio",	0,	0,	0,	"0.0282752"	]
[ "raw blocks",	0,	0,	0,	""	]
[ "runlength blocks",	0,	0,	0,	""	]
[ "dictionary blocks",	1,	90,	0,	""	]
[ "delta blocks",	0,	0,	0,	""	]
[ "linear blocks",	0,	0,	0,	""	]
[ "frame blocks",	0,	0,	0,	""	]
[ "prefix blocks",	0,	0,	0,	""	]
[ "calendar blocks",	0,	0,	0,	""	]
[ "dictionary[0]",	0,	0,	2,	"0"	]
[ "dictionary[1]",	0,	0,	2,	"1"	]
[ "dictionary[2]",	0,	0,	2,	"2"	]
[ "dictionary[3]",	0,	0,	2,	"3"	]
[ "dictionary[4]",	0,	0,	2,	"5"	]
[ "dictionary[5]",	0,	0,	2,	"7"	]
[ "dictionary[6]",	0,	0,	60,	"9"	]
[ "dictionary[7]",	0,	0,	2,	"48"	]
[ "dictionary[8]",	0,	0,	2,	"49"	]
[ "dictionary[9]",	0,	0,	6,	"50"	]
[ "dictionary[10]",	0,	0,	2,	"70"	]
[ "dictionary[11]",	0,	0,	2,	"90"	]
[ "dictionary[12]",	0,	0,	2,	"91"	]
[ "dictionary[13]",	0,	0,	2,	"92"	]
[ "dictionary[14]",	0,	0,	2,	"93"	]
[ "dictionary[15]",	0,	0,	2,	"94"	]
[ "dictionary[16]",	0,	0,	2,	"95"	]
[ "dictionary[17]",	0,	0,	2,	"96"	]
[ "dictionary[18]",	0,	0,	2,	"97"	]
[ "dictionary[19]",	0,	0,	2,	"98"	]
[ "dictionary[20]",	0,	0,	2,	"99"	]
[ "dictionary[21]",	0,	0,	2,	"188"	]
[ "dictionary[22]",	0,	0,	2,	"190"	]
[ "dictionary[23]",	0,	0,	2,	"192"	]
[ "dictionary[24]",	0,	0,	2,	"1000"	]
[ "dictionary[25]",	0,	0,	2,	"1001"	]
[ "dictionary[26]",	0,	0,	2,	"1002"	]
[ "dictionary[27]",	0,	0,	2,	"1003"	]
[ "dictionary[28]",	0,	0,	2,	"1100"	]
[ "dictionary[29]",	0,	0,	2,	"1110"	]
[ "dictionary[30]",	0,	0,	2,	"1120"	]
[ "dictionary[31]",	0,	0,	2,	"1130"	]
[ "dictionary[32]",	0,	0,	2,	"1140"	]
[ "dictionary[33]",	0,	0,	2,	"1250"	]
[ "dictionary[34]",	0,	0,	2,	"1260"	]
[ "dictionary[35]",	0,	0,	2,	"1270"	]
[ "dictionary[36]",	0,	0,	2,	"1280"	]
[ "dictionary[37]",	0,	0,	2,	"1290"	]
[ "dictionary[38]",	0,	0,	2,	"9999"	]
[ "dictionary[39]",	0,	0,	21,	"19531025"	]
[ "========",	0,	0,	0,	""	]
[ "dictionary blk",	90,	360,	72,	""	]
#drop table mix0;

# 21:39:24 >  
# 21:39:24 >  "Done."
# 21:39:24 >  

