stdout of test 'lidar-single-file` in directory 'sql/backends/monet5/vaults/lidar` itself:


# 16:54:23 >  
# 16:54:23 >  "mserver5" "--debug=10" "--set" "gdk_nr_threads=0" "--set" "mapi_open=true" "--set" "mapi_port=34483" "--set" "mapi_usock=/var/tmp/mtest-10899/.s.monetdb.34483" "--set" "monet_prompt=" "--forcemito" "--dbpath=/home/kutsurak/work/monet/sources/MonetDB/build/install/var/MonetDB/mTests_sql_backends_monet5_vaults_lidar"
# 16:54:23 >  

# MonetDB 5 server v11.28.0
# This is an unreleased version
# Serving database 'mTests_sql_backends_monet5_vaults_lidar', using 4 threads
# Compiled for x86_64-pc-linux-gnu/64bit with 128bit integers
# Found 15.519 GiB available main-memory.
# Copyright (c) 1993-July 2008 CWI.
# Copyright (c) August 2008-2017 MonetDB B.V., all rights reserved
# Visit https://www.monetdb.org/ for further information
# Listening for connection requests on mapi:monetdb://zarquon.zarniwoop.org:34483/
# Listening for UNIX domain connection requests on mapi:monetdb:///var/tmp/mtest-10899/.s.monetdb.34483
# MonetDB/GIS module loaded
# MonetDB/SQL module loaded

Ready.
# SQL catalog created, loading sql scripts once
# loading sql script: 09_like.sql
# loading sql script: 10_math.sql
# loading sql script: 11_times.sql
# loading sql script: 12_url.sql
# loading sql script: 13_date.sql
# loading sql script: 14_inet.sql
# loading sql script: 15_querylog.sql
# loading sql script: 16_tracelog.sql
# loading sql script: 17_temporal.sql
# loading sql script: 18_index.sql
# loading sql script: 20_vacuum.sql
# loading sql script: 21_dependency_functions.sql
# loading sql script: 22_clients.sql
# loading sql script: 23_skyserver.sql
# loading sql script: 25_debug.sql
# loading sql script: 26_sysmon.sql
# loading sql script: 27_rejects.sql
# loading sql script: 39_analytics.sql
# loading sql script: 39_analytics_hge.sql
# loading sql script: 40_geom.sql
# loading sql script: 40_json.sql
# loading sql script: 40_json_hge.sql
# loading sql script: 41_md5sum.sql
# loading sql script: 45_uuid.sql
# loading sql script: 46_profiler.sql
# loading sql script: 51_sys_schema_extension.sql
# loading sql script: 60_wlcr.sql
# loading sql script: 72_fits.sql
# loading sql script: 74_netcdf.sql
# loading sql script: 75_lidar.sql
# loading sql script: 75_shp.sql
# loading sql script: 75_storagemodel.sql
# loading sql script: 80_statistics.sql
# loading sql script: 80_udf.sql
# loading sql script: 80_udf_hge.sql
# loading sql script: 82_gadget.sql
# loading sql script: 85_bam.sql
# loading sql script: 90_generator.sql
# loading sql script: 90_generator_hge.sql
# loading sql script: 99_system.sql

# 16:54:24 >  
# 16:54:24 >  "mclient" "-lsql" "-ftest" "-Eutf-8" "-i" "-e" "--host=/var/tmp/mtest-10899" "--port=34483"
# 16:54:24 >  

#select type, width, "sample", count, "unique", nils, minval, maxval, sorted, revsorted from sys.statistics;
% sys.statistics,	sys.statistics,	sys.statistics,	sys.statistics,	sys.statistics,	sys.statistics,	sys.statistics,	sys.statistics,	sys.statistics,	sys.statistics # table_name
% type,	width,	sample,	count,	unique,	nils,	minval,	maxval,	sorted,	revsorted # name
% clob,	int,	bigint,	bigint,	bigint,	bigint,	clob,	clob,	boolean,	boolean # type
% 12,	1,	1,	1,	1,	1,	13,	13,	5,	5 # length
[ "decimal(8,2)",	8,	0,	0,	0,	0,	"635616.310000",	"638864.600000",	false,	false	]
[ "decimal(8,2)",	8,	0,	0,	0,	0,	"848977.790000",	"853362.370000",	false,	false	]
[ "decimal(5,2)",	5,	0,	0,	0,	0,	"407.350000",	"536.840000",	false,	false	]
#select table_name, vault_reader_id, vault_type, version from vault_journal;
% sys.vault_journal,	sys.vault_journal,	sys.vault_journal,	sys.vault_journal # table_name
% table_name,	vault_reader_id,	vault_type,	version # name
% varchar,	int,	varchar,	varchar # type
% 4,	1,	5,	5 # length
[ "tbl0",	1,	"lidar",	"1.8.0"	]
#select * from tbl0;
% sys.tbl0,	sys.tbl0,	sys.tbl0,	sys.tbl0,	sys.tbl0,	sys.tbl0,	sys.tbl0,	sys.tbl0,	sys.tbl0,	sys.tbl0,	sys.tbl0,	sys.tbl0,	sys.tbl0 # table_name
% x,	y,	z,	n_returns,	n_this_return,	classification_number,	user_data,	point_source_id,	edge_of_flight_line,	direction_of_scan_flag,	vertex_index,	scan_angle,	intensity # name
% decimal,	decimal,	decimal,	int,	int,	smallint,	smallint,	int,	int,	int,	int,	smallint,	int # type
% 10,	10,	7,	3,	3,	1,	3,	3,	3,	3,	3,	3,	3 # length
[ 636083.30,	849398.65,	407.35,	0,	0,	1,	126,	0,	0,	0,	0,	-11,	0	]
[ 635616.31,	849984.78,	423.95,	1,	1,	2,	125,	1,	1,	1,	1,	13,	1	]
[ 635918.31,	849737.43,	414.21,	2,	2,	2,	126,	2,	2,	2,	2,	8,	2	]
[ 636082.68,	849271.42,	427.92,	3,	3,	1,	130,	3,	3,	3,	3,	-2,	3	]
[ 636454.69,	849950.89,	425.23,	4,	4,	2,	124,	4,	4,	4,	4,	9,	4	]
[ 636679.04,	849644.36,	411.15,	5,	5,	1,	122,	5,	5,	5,	5,	2,	5	]
[ 636926.61,	849800.43,	425.98,	6,	6,	1,	128,	6,	6,	6,	6,	7,	6	]
[ 637095.87,	849274.70,	411.25,	7,	7,	2,	126,	7,	7,	7,	7,	-7,	7	]
[ 636992.03,	849974.97,	480.74,	8,	8,	1,	135,	8,	8,	8,	8,	1,	8	]
[ 636685.14,	849892.32,	432.32,	9,	9,	1,	134,	9,	9,	9,	9,	1,	9	]
[ 636328.83,	849966.93,	486.06,	10,	10,	1,	135,	10,	10,	10,	10,	0,	10	]
[ 635969.65,	850223.46,	426.25,	11,	11,	1,	124,	11,	11,	11,	11,	-6,	11	]
[ 635742.81,	850120.87,	425.36,	12,	12,	1,	124,	12,	12,	12,	12,	-11,	12	]
[ 636292.52,	850470.57,	431.10,	13,	13,	1,	126,	13,	13,	13,	13,	-5,	13	]
[ 636717.98,	850439.86,	437.43,	14,	14,	2,	125,	14,	14,	14,	14,	-5,	14	]
[ 637140.55,	850135.56,	478.77,	15,	15,	1,	128,	15,	15,	15,	15,	-10,	15	]
[ 638332.51,	849367.19,	426.31,	16,	16,	1,	124,	16,	16,	16,	16,	-15,	16	]
[ 637986.68,	849230.68,	462.37,	17,	17,	1,	132,	17,	17,	17,	17,	-9,	17	]
[ 637371.00,	850034.61,	429.86,	18,	18,	1,	124,	18,	18,	18,	18,	11,	18	]
[ 637489.70,	849423.23,	411.02,	19,	19,	2,	126,	19,	19,	19,	19,	-2,	19	]
[ 637743.82,	849702.66,	430.28,	20,	20,	1,	128,	20,	20,	20,	20,	2,	20	]
[ 637917.29,	849304.00,	536.84,	21,	21,	1,	128,	21,	21,	21,	21,	-3,	21	]
[ 638091.73,	848977.79,	427.59,	22,	22,	1,	128,	22,	22,	22,	22,	-5,	22	]
[ 638511.61,	850026.74,	435.47,	23,	23,	1,	129,	23,	23,	23,	23,	19,	23	]
[ 638788.45,	849495.24,	417.32,	24,	24,	1,	130,	24,	24,	24,	24,	3,	24	]
[ 638472.80,	850277.03,	426.84,	25,	25,	2,	124,	25,	25,	25,	25,	-8,	25	]
[ 638290.78,	849373.95,	456.56,	26,	26,	1,	126,	26,	26,	26,	26,	9,	26	]
[ 637913.88,	849967.42,	427.26,	27,	27,	1,	128,	27,	27,	27,	27,	2,	27	]
[ 637700.45,	849934.32,	428.25,	28,	28,	2,	126,	28,	28,	28,	28,	3,	28	]
[ 637566.80,	850019.00,	425.92,	29,	29,	1,	124,	29,	29,	29,	29,	2,	29	]
[ 637351.83,	849987.93,	424.05,	30,	30,	1,	127,	30,	30,	30,	30,	2,	30	]
[ 637286.21,	850026.44,	429.79,	31,	31,	1,	127,	31,	31,	31,	31,	-12,	31	]
[ 637925.71,	850414.47,	424.84,	32,	32,	1,	126,	32,	32,	32,	32,	0,	32	]
[ 638429.49,	849995.64,	444.55,	33,	33,	1,	126,	33,	33,	33,	33,	-15,	33	]
[ 637099.93,	850669.32,	426.25,	34,	34,	1,	126,	34,	34,	34,	34,	-13,	34	]
[ 636029.36,	850522.90,	425.98,	35,	35,	1,	126,	35,	35,	35,	35,	-10,	35	]
[ 635993.60,	851224.11,	418.77,	36,	36,	2,	126,	36,	36,	36,	36,	10,	36	]
[ 636300.79,	851193.47,	417.52,	37,	37,	2,	124,	37,	37,	37,	37,	8,	37	]
[ 636318.27,	850528.71,	431.59,	38,	38,	1,	126,	38,	38,	38,	38,	-4,	38	]
[ 636712.43,	850847.18,	435.43,	39,	39,	2,	124,	39,	39,	39,	39,	-1,	39	]
[ 637179.66,	851307.12,	425.23,	40,	40,	2,	124,	40,	40,	40,	40,	16,	40	]
[ 637181.36,	850671.36,	474.51,	41,	41,	1,	124,	41,	41,	41,	41,	13,	41	]
[ 636736.19,	851723.69,	475.59,	42,	42,	1,	128,	42,	42,	42,	42,	-12,	42	]
[ 636570.77,	851103.18,	494.49,	43,	43,	1,	124,	43,	43,	43,	43,	2,	43	]
[ 636417.03,	850806.33,	430.22,	44,	44,	1,	126,	44,	44,	44,	44,	12,	44	]
[ 636053.25,	851369.65,	419.85,	45,	45,	1,	124,	45,	45,	45,	45,	0,	45	]
[ 635777.40,	851542.78,	453.12,	46,	46,	1,	124,	46,	46,	46,	46,	-2,	46	]
[ 635748.69,	852257.84,	416.99,	47,	47,	1,	126,	47,	47,	47,	47,	2,	47	]
[ 635891.27,	852001.35,	416.08,	48,	48,	1,	122,	48,	48,	48,	48,	-1,	48	]
[ 636000.71,	851466.04,	416.27,	49,	49,	2,	126,	49,	49,	49,	49,	-7,	49	]
[ 636428.02,	852527.59,	421.72,	50,	50,	1,	124,	50,	50,	50,	50,	12,	50	]
[ 636638.32,	852350.03,	417.32,	51,	51,	2,	126,	51,	51,	51,	51,	6,	51	]
[ 636784.38,	852110.24,	471.33,	52,	52,	1,	124,	52,	52,	52,	52,	0,	52	]
[ 637118.44,	852409.84,	424.08,	53,	53,	1,	124,	53,	53,	53,	53,	8,	53	]
[ 637257.08,	852442.45,	425.26,	54,	54,	1,	124,	54,	54,	54,	54,	1,	54	]
[ 636982.91,	851998.46,	443.18,	55,	55,	2,	122,	55,	55,	55,	55,	14,	55	]
[ 636648.00,	852437.83,	420.24,	56,	56,	1,	126,	56,	56,	56,	56,	0,	56	]
[ 636338.48,	852695.28,	470.24,	57,	57,	1,	124,	57,	57,	57,	57,	-2,	57	]
[ 635983.82,	852885.99,	418.73,	58,	58,	1,	124,	58,	58,	58,	58,	-7,	58	]
[ 635748.39,	852813.12,	462.14,	59,	59,	1,	124,	59,	59,	59,	59,	-4,	59	]
[ 636175.71,	852861.48,	422.41,	60,	60,	2,	122,	60,	60,	60,	60,	-9,	60	]
[ 636799.05,	852851.87,	455.68,	61,	61,	1,	124,	61,	61,	61,	61,	-11,	61	]
[ 638570.70,	850527.33,	432.97,	62,	62,	1,	128,	62,	62,	62,	62,	-12,	62	]
[ 637616.57,	850626.05,	452.13,	63,	63,	1,	126,	63,	63,	63,	63,	-11,	63	]
[ 637294.55,	850719.13,	422.38,	64,	64,	1,	128,	64,	64,	64,	64,	1,	64	]
[ 637664.76,	850643.37,	437.93,	65,	65,	1,	126,	65,	65,	65,	65,	-1,	65	]
[ 638040.45,	851267.22,	420.96,	66,	66,	2,	124,	66,	66,	66,	66,	17,	66	]
[ 638317.62,	850430.81,	425.03,	67,	67,	1,	126,	67,	67,	67,	67,	-5,	67	]
[ 638739.93,	851223.88,	534.06,	68,	68,	1,	128,	68,	68,	68,	68,	16,	68	]
[ 638854.23,	851767.45,	512.50,	69,	69,	1,	129,	69,	69,	69,	69,	-10,	69	]
[ 638671.71,	851434.94,	495.34,	70,	70,	1,	126,	70,	70,	70,	70,	-5,	70	]
[ 638414.27,	851304.99,	421.00,	71,	71,	2,	128,	71,	71,	71,	71,	-2,	71	]
[ 638144.49,	851019.91,	421.03,	72,	72,	2,	133,	72,	72,	72,	72,	5,	72	]
[ 637816.11,	851492.95,	424.80,	73,	73,	1,	124,	73,	73,	73,	73,	-5,	73	]
[ 637720.41,	851026.05,	420.51,	74,	74,	1,	126,	74,	74,	74,	74,	8,	74	]
[ 637347.57,	851895.96,	417.16,	75,	75,	2,	126,	75,	75,	75,	75,	-13,	75	]
[ 637434.02,	852480.18,	425.72,	76,	76,	1,	124,	76,	76,	76,	76,	12,	76	]
[ 637688.21,	852550.30,	424.11,	77,	77,	1,	126,	77,	77,	77,	77,	16,	77	]
[ 637911.38,	852563.22,	424.44,	78,	78,	1,	128,	78,	78,	78,	78,	12,	78	]
[ 637883.56,	851511.65,	424.44,	79,	79,	1,	128,	79,	79,	79,	79,	-7,	79	]
[ 638040.88,	851284.02,	421.06,	80,	80,	1,	137,	80,	80,	80,	80,	-16,	80	]
[ 638404.36,	851708.33,	424.67,	81,	81,	1,	130,	81,	81,	81,	81,	-9,	81	]
[ 638749.90,	852044.82,	461.94,	82,	82,	1,	133,	82,	82,	82,	82,	2,	82	]
[ 638742.71,	851360.40,	490.62,	83,	83,	1,	132,	83,	83,	83,	83,	-11,	83	]
[ 638864.60,	852417.16,	419.29,	84,	84,	2,	139,	84,	84,	84,	84,	4,	84	]
[ 638585.99,	852644.98,	421.49,	85,	85,	1,	130,	85,	85,	85,	85,	-1,	85	]
[ 638392.95,	852045.77,	419.65,	86,	86,	1,	128,	86,	86,	86,	86,	8,	86	]
[ 637997.77,	851987.76,	424.41,	87,	87,	2,	128,	87,	87,	87,	87,	11,	87	]
[ 637533.95,	852692.29,	423.13,	88,	88,	1,	126,	88,	88,	88,	88,	-3,	88	]
[ 637327.56,	852610.07,	422.74,	89,	89,	1,	124,	89,	89,	89,	89,	0,	89	]
[ 637926.90,	852727.95,	424.08,	90,	90,	2,	122,	90,	90,	90,	90,	-10,	90	]
[ 638738.78,	852761.29,	422.18,	91,	91,	2,	126,	91,	91,	91,	91,	-7,	91	]
[ 636842.36,	853116.21,	433.27,	92,	92,	1,	122,	92,	92,	92,	92,	-10,	92	]
[ 636242.78,	853217.59,	416.60,	93,	93,	1,	124,	93,	93,	93,	93,	-13,	93	]
[ 635781.17,	853044.69,	414.01,	94,	94,	1,	126,	94,	94,	94,	94,	-4,	94	]
[ 636421.39,	853317.65,	416.50,	95,	95,	1,	128,	95,	95,	95,	95,	1,	95	]
[ 636903.64,	853069.85,	454.20,	96,	96,	1,	122,	96,	96,	96,	96,	-7,	96	]
[ 636866.60,	853362.37,	430.84,	97,	97,	1,	124,	97,	97,	97,	97,	9,	97	]
[ 636281.32,	853299.44,	415.75,	98,	98,	1,	128,	98,	98,	98,	98,	10,	98	]
[ 638727.79,	852959.28,	416.73,	99,	99,	1,	134,	99,	99,	99,	99,	-7,	99	]
[ 638133.32,	852952.43,	423.29,	100,	100,	1,	133,	100,	100,	100,	100,	-8,	100	]
[ 637319.69,	853088.29,	429.23,	101,	101,	1,	126,	101,	101,	101,	101,	-10,	101	]
[ 637961.08,	853052.03,	445.80,	102,	102,	1,	122,	102,	102,	102,	102,	-3,	102	]
[ 638588.39,	852885.86,	421.65,	103,	103,	1,	126,	103,	103,	103,	103,	-10,	103	]
[ 638627.40,	853357.38,	419.52,	104,	104,	1,	128,	104,	104,	104,	104,	6,	104	]
[ 637857.41,	853213.98,	424.87,	105,	105,	1,	124,	105,	105,	105,	105,	12,	105	]
#select count(*) from tbl0;
% sys.L4 # table_name
% L3 # name
% bigint # type
% 3 # length
[ 106	]

# 16:54:24 >  
# 16:54:24 >  "Done."
# 16:54:24 >  

